#
# A fatal error has been detected by the Java Runtime Environment:
#
#  EXCEPTION_ACCESS_VIOLATION (0xc0000005) at pc=0x00007ff88c3d83b7, pid=25664, tid=3136
#
# JRE version: OpenJDK Runtime Environment (21.0.5) (build 21.0.5+-13047016-b750.29)
# Java VM: OpenJDK 64-Bit Server VM (21.0.5+-13047016-b750.29, mixed mode, tiered, compressed oops, compressed class ptrs, g1 gc, windows-amd64)
# Problematic frame:
# V  [jvm.dll+0x683b7]
#
# No core dump will be written. Minidumps are not enabled by default on client versions of Windows
#
# If you would like to submit a bug report, please visit:
#   https://youtrack.jetbrains.com/issues/JBR
#

---------------  S U M M A R Y ------------

Command Line: --add-opens=java.base/java.util=ALL-UNNAMED --add-opens=java.base/java.lang=ALL-UNNAMED --add-opens=java.base/java.lang.invoke=ALL-UNNAMED --add-opens=java.prefs/java.util.prefs=ALL-UNNAMED --add-exports=jdk.compiler/com.sun.tools.javac.api=ALL-UNNAMED --add-exports=jdk.compiler/com.sun.tools.javac.util=ALL-UNNAMED --add-opens=java.base/java.nio.charset=ALL-UNNAMED --add-opens=java.base/java.net=ALL-UNNAMED --add-opens=java.base/java.util.concurrent.atomic=ALL-UNNAMED -Xmx2048m -Dfile.encoding=UTF-8 -Duser.country=MX -Duser.language=es -Duser.variant -javaagent:C:\Users\herna\.gradle\wrapper\dists\gradle-8.9-bin\90cnw93cvbtalezasaz0blq0a\gradle-8.9\lib\agents\gradle-instrumentation-agent-8.9.jar org.gradle.launcher.daemon.bootstrap.GradleDaemon 8.9

Host: AMD Ryzen 7 7730U with Radeon Graphics         , 16 cores, 15G,  Windows 11 , 64 bit Build 26100 (10.0.26100.3037)
Time: Mon Mar  3 18:28:40 2025 Hora estándar central (México) elapsed time: 4.787284 seconds (0d 0h 0m 4s)

---------------  T H R E A D  ---------------

Current thread (0x000002ae9a3be900):  JavaThread "C2 CompilerThread3" daemon [_thread_in_native, id=3136, stack(0x000000dcfa900000,0x000000dcfaa00000) (1024K)]


Current CompileTask:
C2:4787 4784       4       jdk.internal.jimage.ImageLocation::getFullName (109 bytes)

Stack: [0x000000dcfa900000,0x000000dcfaa00000],  sp=0x000000dcfa9fced0,  free space=1011k
Native frames: (J=compiled Java code, j=interpreted, Vv=VM code, C=native code)
V  [jvm.dll+0x683b7]
V  [jvm.dll+0x660c55]
V  [jvm.dll+0x660ba3]
V  [jvm.dll+0x65f923]
V  [jvm.dll+0x247adf]
V  [jvm.dll+0x247231]
V  [jvm.dll+0x1c5ee4]
V  [jvm.dll+0x25697c]
V  [jvm.dll+0x254ec6]
V  [jvm.dll+0x3f0ce6]
V  [jvm.dll+0x806368]
V  [jvm.dll+0x6ce3fd]
C  [ucrtbase.dll+0x37b0]
C  [KERNEL32.DLL+0x2e8d7]
C  [ntdll.dll+0xbbf2c]


siginfo: EXCEPTION_ACCESS_VIOLATION (0xc0000005), reading address 0xffffffffffffffff


Registers:
RAX=0x00007ff88c3e0120, RBX=0x00000000000003f7, RCX=0x00007ff88cc21368, RDX=0x000002ae9a661a18
RSP=0x000000dcfa9fced0, RBP=0x000000dcfa9fcfb0, RSI=0x0000000000000003, RDI=0x000002ae9a661a18
R8 =0x000000000000001b, R9 =0x0000000000000000, R10=0x00007ff936d50000, R11=0x000002ae9a684b00
R12=0x00007ff88ceb0864, R13=0x0000000000000000, R14=0x0000000000000018, R15=0x000000dcfa9fd3e0
RIP=0x00007ff88c3d83b7, EFLAGS=0x0000000000010202


Register to memory mapping:

RAX=0x00007ff88c3e0120 jvm.dll
RBX=0x00000000000003f7 is an unknown value
RCX=0x00007ff88cc21368 jvm.dll
RDX=0x000002ae9a661a18 points into unknown readable memory: 0x00007ff88cc54768 | 68 47 c5 8c f8 7f 00 00
RSP=0x000000dcfa9fced0 is pointing into the stack for thread: 0x000002ae9a3be900
RBP=0x000000dcfa9fcfb0 is pointing into the stack for thread: 0x000002ae9a3be900
RSI=0x0000000000000003 is an unknown value
RDI=0x000002ae9a661a18 points into unknown readable memory: 0x00007ff88cc54768 | 68 47 c5 8c f8 7f 00 00
R8 =0x000000000000001b is an unknown value
R9 =0x0 is null
R10=0x00007ff936d50000 VCRUNTIME140.dll
R11=0x000002ae9a684b00 points into unknown readable memory: 0x0001d03343c000e0 | e0 00 c0 43 33 d0 01 00
R12=0x00007ff88ceb0864 jvm.dll
R13=0x0 is null
R14=0x0000000000000018 is an unknown value
R15=0x000000dcfa9fd3e0 is pointing into the stack for thread: 0x000002ae9a3be900

Top of Stack: (sp=0x000000dcfa9fced0)
0x000000dcfa9fced0:   0000000000000000 0000000000000000
0x000000dcfa9fcee0:   000002ae98a3eb38 00007ff88c5bf563
0x000000dcfa9fcef0:   000000dcfa9fcf60 00007ff88c9d0c55
0x000000dcfa9fcf00:   000000dcfa9fe760 00007ff88c3d842d
0x000000dcfa9fcf10:   000000dcfa9fd3e0 000002ae96aecb20
0x000000dcfa9fcf20:   000000dcfa9fd3e0 000002ae9a661a18
0x000000dcfa9fcf30:   000002ae983086d8 00007ff88c9d0ba3
0x000000dcfa9fcf40:   00000000000003f7 000000dcfa9fcfb0
0x000000dcfa9fcf50:   000002ae955d7650 000002ae96aecb20
0x000000dcfa9fcf60:   000002ae96aecb20 000002ae00002000
0x000000dcfa9fcf70:   000002ae99e5aab0 000002ae000005bb
0x000000dcfa9fcf80:   000002ae00000100 000002ae9a684900
0x000000dcfa9fcf90:   00007ff800000100 000002ae96aecb20
0x000000dcfa9fcfa0:   00007ff8000003f8 00007ff88c5b77c2
0x000000dcfa9fcfb0:   000000dcfa9fea10 000002ae973620f8
0x000000dcfa9fcfc0:   000002ae95789378 000002ae975485d0
0x000000dcfa9fcfd0:   000002ae95789378 000002ae973681f0
0x000000dcfa9fcfe0:   000000dcfa9fd079 00007ff88c9cf923
0x000000dcfa9fcff0:   000002ae955da0b8 000002ae955df638
0x000000dcfa9fd000:   0000000000113af8 000000dcfa9fd3e0
0x000000dcfa9fd010:   000002ae973681f0 000000dcfa9fea10
0x000000dcfa9fd020:   0000000000100000 0000000000000000
0x000000dcfa9fd030:   0000000000000000 0000000000000000
0x000000dcfa9fd040:   0000000000000000 00007ff88cd225e0
0x000000dcfa9fd050:   0000000000000000 0000000000000000
0x000000dcfa9fd060:   0000000000000000 00007ff88cd225e0
0x000000dcfa9fd070:   0000000000000000 0000000000000000
0x000000dcfa9fd080:   000000dcfa9fd488 0000000000000007
0x000000dcfa9fd090:   0000000000000000 0000000000000000
0x000000dcfa9fd0a0:   0000109548e3d3e1 00007ff88c9c8c1e
0x000000dcfa9fd0b0:   0000000000000000 0000000080000000
0x000000dcfa9fd0c0:   000002ae8fc5c0e0 0000000000000000 

Instructions: (pc=0x00007ff88c3d83b7)
0x00007ff88c3d82b7:   00 48 8d 05 a1 69 ac 00 49 23 c8 49 3b c8 48 0f
0x00007ff88c3d82c7:   45 c2 c3 cc cc cc cc cc cc 48 8b 0d a9 ae b1 00
0x00007ff88c3d82d7:   48 8d 15 e2 69 ac 00 49 b8 00 00 00 18 03 00 00
0x00007ff88c3d82e7:   00 48 8d 05 31 6a ac 00 49 23 c8 49 3b c8 48 0f
0x00007ff88c3d82f7:   45 c2 c3 cc cc cc cc cc cc 48 8b 05 79 ae b1 00
0x00007ff88c3d8307:   48 8d 0d d2 6a ac 00 48 c1 e8 1b a8 01 48 8d 05
0x00007ff88c3d8317:   65 6a ac 00 48 0f 44 c1 c3 48 8b 0d 59 ae b1 00
0x00007ff88c3d8327:   48 8d 15 d2 65 ac 00 49 b8 00 00 00 08 02 00 00
0x00007ff88c3d8337:   00 48 8d 05 81 66 ac 00 49 23 c8 49 3b c8 48 0f
0x00007ff88c3d8347:   45 c2 c3 cc cc cc cc cc cc 48 8b 0d 29 ae b1 00
0x00007ff88c3d8357:   48 8d 15 22 64 ac 00 49 b8 00 00 00 08 02 00 00
0x00007ff88c3d8367:   00 48 8d 05 d1 64 ac 00 49 23 c8 49 3b c8 48 0f
0x00007ff88c3d8377:   45 c2 c3 cc cc cc cc cc cc b8 04 00 00 00 c3 cc
0x00007ff88c3d8387:   cc cc cc cc cc cc cc cc cc 48 8d 0d c9 56 ac 00
0x00007ff88c3d8397:   e9 d4 4c 6b 00 cc cc cc cc 32 c0 c3 cc cc cc cc
0x00007ff88c3d83a7:   cc cc cc cc cc cc cc cc cc 48 83 ec 28 48 8b 01
0x00007ff88c3d83b7:   ff 10 83 e8 7e 74 0c 83 f8 01 74 07 32 c0 48 83
0x00007ff88c3d83c7:   c4 28 c3 b0 01 48 83 c4 28 c3 cc cc cc cc cc cc
0x00007ff88c3d83d7:   cc cc cc cc cc cc cc cc cc 48 8b 15 99 ad b1 00
0x00007ff88c3d83e7:   8d 41 fc a9 fa ff ff ff 75 0b 48 8b c2 48 c1 e8
0x00007ff88c3d83f7:   34 a8 01 75 11 8d 41 f6 83 f8 01 77 0c 48 c1 ea
0x00007ff88c3d8407:   25 f6 c2 01 74 03 b0 01 c3 32 c0 c3 cc cc cc cc
0x00007ff88c3d8417:   cc cc cc cc cc cc cc cc cc 48 83 ec 28 48 8b 01
0x00007ff88c3d8427:   ff 90 c0 00 00 00 05 c0 fe ff ff 83 f8 2e 77 22
0x00007ff88c3d8437:   48 8d 15 c2 7b f9 ff 0f b6 84 02 68 84 06 00 8b
0x00007ff88c3d8447:   8c 82 60 84 06 00 48 03 ca ff e1 b0 01 48 83 c4
0x00007ff88c3d8457:   28 c3 32 c0 48 83 c4 28 c3 52 84 06 00 59 84 06
0x00007ff88c3d8467:   00 00 00 00 00 00 00 00 00 01 01 01 01 01 01 01
0x00007ff88c3d8477:   01 01 01 01 01 01 01 01 01 01 01 01 01 01 01 01
0x00007ff88c3d8487:   01 01 01 01 01 01 01 01 01 01 01 01 01 01 00 00
0x00007ff88c3d8497:   cc cc cc cc cc cc cc cc cc 45 2b c8 81 fa 27 04
0x00007ff88c3d84a7:   00 00 75 0d 41 8d 41 7e 3d fb 00 00 00 0f 96 c0 


Stack slot to memory mapping:

stack at sp + 0 slots: 0x0 is null
stack at sp + 1 slots: 0x0 is null
stack at sp + 2 slots: 0x000002ae98a3eb38 points into unknown readable memory: 0x00007ff88cc5b150 | 50 b1 c5 8c f8 7f 00 00
stack at sp + 3 slots: 0x00007ff88c5bf563 jvm.dll
stack at sp + 4 slots: 0x000000dcfa9fcf60 is pointing into the stack for thread: 0x000002ae9a3be900
stack at sp + 5 slots: 0x00007ff88c9d0c55 jvm.dll
stack at sp + 6 slots: 0x000000dcfa9fe760 is pointing into the stack for thread: 0x000002ae9a3be900
stack at sp + 7 slots: 0x00007ff88c3d842d jvm.dll


---------------  P R O C E S S  ---------------

Threads class SMR info:
_java_thread_list=0x000002ae9a9e93f0, length=55, elements={
0x000002aef7917e40, 0x000002ae8fce6a00, 0x000002ae8fce9460, 0x000002ae8fd18190,
0x000002ae8fd187f0, 0x000002ae8fd19240, 0x000002ae8fd19c90, 0x000002ae8fd04280,
0x000002ae8fd070e0, 0x000002ae8fb35690, 0x000002ae8febed10, 0x000002ae8fec1c50,
0x000002ae902e7960, 0x000002ae955a8940, 0x000002ae964378d0, 0x000002ae965d9c60,
0x000002ae966f8030, 0x000002ae965bbe00, 0x000002ae965aee20, 0x000002ae96864710,
0x000002ae968620b0, 0x000002ae9661eda0, 0x000002ae9661fac0, 0x000002ae9661f430,
0x000002ae96620150, 0x000002ae96622220, 0x000002ae966207e0, 0x000002ae96621500,
0x000002ae96620e70, 0x000002ae96621b90, 0x000002ae96e25e90, 0x000002ae96e299a0,
0x000002ae96e26520, 0x000002ae96e28c80, 0x000002ae96e2a030, 0x000002ae96e26bb0,
0x000002ae96e2a6c0, 0x000002ae96e29310, 0x000002ae96e27240, 0x000002ae96e2ad50,
0x000002ae96e27f60, 0x000002ae96e278d0, 0x000002ae96e2b3e0, 0x000002ae96e2ba70,
0x000002ae96e285f0, 0x000002ae96e2c790, 0x000002ae96e2d4b0, 0x000002ae96e2c100,
0x000002ae96e2ce20, 0x000002ae97bed5e0, 0x000002ae97bedc70, 0x000002ae97bee300,
0x000002ae97bec230, 0x000002ae9a3be900, 0x000002ae9a9d13f0
}

Java Threads: ( => current thread )
  0x000002aef7917e40 JavaThread "main"                              [_thread_blocked, id=9160, stack(0x000000dcf7700000,0x000000dcf7800000) (1024K)]
  0x000002ae8fce6a00 JavaThread "Reference Handler"          daemon [_thread_blocked, id=23200, stack(0x000000dcf7f00000,0x000000dcf8000000) (1024K)]
  0x000002ae8fce9460 JavaThread "Finalizer"                  daemon [_thread_blocked, id=9276, stack(0x000000dcf8000000,0x000000dcf8100000) (1024K)]
  0x000002ae8fd18190 JavaThread "Signal Dispatcher"          daemon [_thread_blocked, id=24888, stack(0x000000dcf8100000,0x000000dcf8200000) (1024K)]
  0x000002ae8fd187f0 JavaThread "Attach Listener"            daemon [_thread_blocked, id=5300, stack(0x000000dcf8200000,0x000000dcf8300000) (1024K)]
  0x000002ae8fd19240 JavaThread "Service Thread"             daemon [_thread_blocked, id=18456, stack(0x000000dcf8300000,0x000000dcf8400000) (1024K)]
  0x000002ae8fd19c90 JavaThread "Monitor Deflation Thread"   daemon [_thread_blocked, id=2952, stack(0x000000dcf8400000,0x000000dcf8500000) (1024K)]
  0x000002ae8fd04280 JavaThread "C2 CompilerThread0"         daemon [_thread_blocked, id=24504, stack(0x000000dcf8500000,0x000000dcf8600000) (1024K)]
  0x000002ae8fd070e0 JavaThread "C1 CompilerThread0"         daemon [_thread_blocked, id=13164, stack(0x000000dcf8600000,0x000000dcf8700000) (1024K)]
  0x000002ae8fb35690 JavaThread "Common-Cleaner"             daemon [_thread_blocked, id=16044, stack(0x000000dcf8700000,0x000000dcf8800000) (1024K)]
  0x000002ae8febed10 JavaThread "C1 CompilerThread1"         daemon [_thread_blocked, id=7832, stack(0x000000dcf8800000,0x000000dcf8900000) (1024K)]
  0x000002ae8fec1c50 JavaThread "C1 CompilerThread2"         daemon [_thread_blocked, id=17048, stack(0x000000dcf8900000,0x000000dcf8a00000) (1024K)]
  0x000002ae902e7960 JavaThread "Notification Thread"        daemon [_thread_blocked, id=10096, stack(0x000000dcf8a00000,0x000000dcf8b00000) (1024K)]
  0x000002ae955a8940 JavaThread "C1 CompilerThread3"         daemon [_thread_blocked, id=12900, stack(0x000000dcf9100000,0x000000dcf9200000) (1024K)]
  0x000002ae964378d0 JavaThread "C2 CompilerThread1"         daemon [_thread_blocked, id=10304, stack(0x000000dcf8b00000,0x000000dcf8c00000) (1024K)]
  0x000002ae965d9c60 JavaThread "C2 CompilerThread2"         daemon [_thread_blocked, id=9180, stack(0x000000dcf8c00000,0x000000dcf8d00000) (1024K)]
  0x000002ae966f8030 JavaThread "Daemon health stats"               [_thread_blocked, id=20772, stack(0x000000dcf9200000,0x000000dcf9300000) (1024K)]
  0x000002ae965bbe00 JavaThread "Incoming local TCP Connector on port 50072"        [_thread_in_native, id=7360, stack(0x000000dcf9700000,0x000000dcf9800000) (1024K)]
  0x000002ae965aee20 JavaThread "Daemon periodic checks"            [_thread_blocked, id=9532, stack(0x000000dcf9800000,0x000000dcf9900000) (1024K)]
  0x000002ae96864710 JavaThread "Daemon"                            [_thread_blocked, id=12092, stack(0x000000dcf9900000,0x000000dcf9a00000) (1024K)]
  0x000002ae968620b0 JavaThread "Handler for socket connection from /127.0.0.1:50072 to /127.0.0.1:50073"        [_thread_in_native, id=20756, stack(0x000000dcf9a00000,0x000000dcf9b00000) (1024K)]
  0x000002ae9661eda0 JavaThread "Cancel handler"                    [_thread_blocked, id=22272, stack(0x000000dcf9b00000,0x000000dcf9c00000) (1024K)]
  0x000002ae9661fac0 JavaThread "Daemon worker"                     [_thread_in_vm, id=15300, stack(0x000000dcf9c00000,0x000000dcf9d00000) (1024K)]
  0x000002ae9661f430 JavaThread "Asynchronous log dispatcher for DefaultDaemonConnection: socket connection from /127.0.0.1:50072 to /127.0.0.1:50073"        [_thread_blocked, id=12300, stack(0x000000dcf9d00000,0x000000dcf9e00000) (1024K)]
  0x000002ae96620150 JavaThread "Stdin handler"                     [_thread_blocked, id=22164, stack(0x000000dcf9e00000,0x000000dcf9f00000) (1024K)]
  0x000002ae96622220 JavaThread "Daemon client event forwarder"        [_thread_blocked, id=19212, stack(0x000000dcf9f00000,0x000000dcfa000000) (1024K)]
  0x000002ae966207e0 JavaThread "Cache worker for journal cache (C:\Users\herna\.gradle\caches\journal-1)"        [_thread_blocked, id=25716, stack(0x000000dcfa600000,0x000000dcfa700000) (1024K)]
  0x000002ae96621500 JavaThread "File lock request listener"        [_thread_in_native, id=7212, stack(0x000000dcfa700000,0x000000dcfa800000) (1024K)]
  0x000002ae96620e70 JavaThread "Cache worker for file hash cache (C:\Users\herna\.gradle\caches\8.9\fileHashes)"        [_thread_blocked, id=1948, stack(0x000000dcfa800000,0x000000dcfa900000) (1024K)]
  0x000002ae96621b90 JavaThread "Cache worker for file hash cache (C:\Users\herna\Documents\Escuela\Nativas\Tareas\Calculadora\.gradle\8.9\fileHashes)"        [_thread_blocked, id=25584, stack(0x000000dcfaa00000,0x000000dcfab00000) (1024K)]
  0x000002ae96e25e90 JavaThread "Cache worker for Build Output Cleanup Cache (C:\Users\herna\Documents\Escuela\Nativas\Tareas\Calculadora\.gradle\buildOutputCleanup)"        [_thread_blocked, id=8180, stack(0x000000dcfab00000,0x000000dcfac00000) (1024K)]
  0x000002ae96e299a0 JavaThread "File watcher server"        daemon [_thread_in_native, id=2428, stack(0x000000dcfac00000,0x000000dcfad00000) (1024K)]
  0x000002ae96e26520 JavaThread "File watcher consumer"      daemon [_thread_blocked, id=19308, stack(0x000000dcfad00000,0x000000dcfae00000) (1024K)]
  0x000002ae96e28c80 JavaThread "jar transforms"                    [_thread_blocked, id=19808, stack(0x000000dcfae00000,0x000000dcfaf00000) (1024K)]
  0x000002ae96e2a030 JavaThread "jar transforms Thread 2"           [_thread_blocked, id=11360, stack(0x000000dcfaf00000,0x000000dcfb000000) (1024K)]
  0x000002ae96e26bb0 JavaThread "jar transforms Thread 3"           [_thread_blocked, id=12704, stack(0x000000dcfb000000,0x000000dcfb100000) (1024K)]
  0x000002ae96e2a6c0 JavaThread "jar transforms Thread 4"           [_thread_blocked, id=17444, stack(0x000000dcfb100000,0x000000dcfb200000) (1024K)]
  0x000002ae96e29310 JavaThread "jar transforms Thread 5"           [_thread_blocked, id=22672, stack(0x000000dcfb200000,0x000000dcfb300000) (1024K)]
  0x000002ae96e27240 JavaThread "jar transforms Thread 6"           [_thread_blocked, id=23008, stack(0x000000dcfb300000,0x000000dcfb400000) (1024K)]
  0x000002ae96e2ad50 JavaThread "jar transforms Thread 7"           [_thread_blocked, id=22632, stack(0x000000dcfb400000,0x000000dcfb500000) (1024K)]
  0x000002ae96e27f60 JavaThread "jar transforms Thread 8"           [_thread_blocked, id=3796, stack(0x000000dcfb500000,0x000000dcfb600000) (1024K)]
  0x000002ae96e278d0 JavaThread "jar transforms Thread 9"           [_thread_blocked, id=8236, stack(0x000000dcfb600000,0x000000dcfb700000) (1024K)]
  0x000002ae96e2b3e0 JavaThread "jar transforms Thread 10"          [_thread_blocked, id=22852, stack(0x000000dcfb700000,0x000000dcfb800000) (1024K)]
  0x000002ae96e2ba70 JavaThread "jar transforms Thread 11"          [_thread_blocked, id=12596, stack(0x000000dcfb800000,0x000000dcfb900000) (1024K)]
  0x000002ae96e285f0 JavaThread "jar transforms Thread 12"          [_thread_blocked, id=26376, stack(0x000000dcfb900000,0x000000dcfba00000) (1024K)]
  0x000002ae96e2c790 JavaThread "jar transforms Thread 13"          [_thread_blocked, id=16660, stack(0x000000dcfba00000,0x000000dcfbb00000) (1024K)]
  0x000002ae96e2d4b0 JavaThread "jar transforms Thread 14"          [_thread_blocked, id=8352, stack(0x000000dcfbb00000,0x000000dcfbc00000) (1024K)]
  0x000002ae96e2c100 JavaThread "jar transforms Thread 15"          [_thread_blocked, id=10600, stack(0x000000dcfbc00000,0x000000dcfbd00000) (1024K)]
  0x000002ae96e2ce20 JavaThread "jar transforms Thread 16"          [_thread_blocked, id=20988, stack(0x000000dcfbd00000,0x000000dcfbe00000) (1024K)]
  0x000002ae97bed5e0 JavaThread "Cache worker for checksums cache (C:\Users\herna\Documents\Escuela\Nativas\Tareas\Calculadora\.gradle\8.9\checksums)"        [_thread_blocked, id=25144, stack(0x000000dcfbe00000,0x000000dcfbf00000) (1024K)]
  0x000002ae97bedc70 JavaThread "Cache worker for file content cache (C:\Users\herna\.gradle\caches\8.9\fileContent)"        [_thread_blocked, id=18192, stack(0x000000dcfbf00000,0x000000dcfc000000) (1024K)]
  0x000002ae97bee300 JavaThread "Cache worker for cache directory md-rule (C:\Users\herna\.gradle\caches\8.9\md-rule)"        [_thread_blocked, id=7620, stack(0x000000dcfc000000,0x000000dcfc100000) (1024K)]
  0x000002ae97bec230 JavaThread "Cache worker for cache directory md-supplier (C:\Users\herna\.gradle\caches\8.9\md-supplier)"        [_thread_blocked, id=18644, stack(0x000000dcfc100000,0x000000dcfc200000) (1024K)]
=>0x000002ae9a3be900 JavaThread "C2 CompilerThread3"         daemon [_thread_in_native, id=3136, stack(0x000000dcfa900000,0x000000dcfaa00000) (1024K)]
  0x000002ae9a9d13f0 JavaThread "C2 CompilerThread4"         daemon [_thread_in_native, id=10196, stack(0x000000dcfc200000,0x000000dcfc300000) (1024K)]
Total: 55

Other Threads:
  0x000002ae8fc8f9c0 VMThread "VM Thread"                           [id=2644, stack(0x000000dcf7e00000,0x000000dcf7f00000) (1024K)]
  0x000002ae8fc209d0 WatcherThread "VM Periodic Task Thread"        [id=10268, stack(0x000000dcf7d00000,0x000000dcf7e00000) (1024K)]
  0x000002aef7973c90 WorkerThread "GC Thread#0"                     [id=17192, stack(0x000000dcf7800000,0x000000dcf7900000) (1024K)]
  0x000002ae90732ea0 WorkerThread "GC Thread#1"                     [id=13592, stack(0x000000dcf8d00000,0x000000dcf8e00000) (1024K)]
  0x000002ae907c5960 WorkerThread "GC Thread#2"                     [id=16924, stack(0x000000dcf8e00000,0x000000dcf8f00000) (1024K)]
  0x000002ae907bab30 WorkerThread "GC Thread#3"                     [id=14708, stack(0x000000dcf8f00000,0x000000dcf9000000) (1024K)]
  0x000002ae905f15c0 WorkerThread "GC Thread#4"                     [id=17368, stack(0x000000dcf9000000,0x000000dcf9100000) (1024K)]
  0x000002ae9652db90 WorkerThread "GC Thread#5"                     [id=23764, stack(0x000000dcf9300000,0x000000dcf9400000) (1024K)]
  0x000002ae966614f0 WorkerThread "GC Thread#6"                     [id=8928, stack(0x000000dcf9400000,0x000000dcf9500000) (1024K)]
  0x000002ae96661890 WorkerThread "GC Thread#7"                     [id=17572, stack(0x000000dcf9500000,0x000000dcf9600000) (1024K)]
  0x000002ae96661c30 WorkerThread "GC Thread#8"                     [id=2044, stack(0x000000dcf9600000,0x000000dcf9700000) (1024K)]
  0x000002ae9678da30 WorkerThread "GC Thread#9"                     [id=9568, stack(0x000000dcfa000000,0x000000dcfa100000) (1024K)]
  0x000002ae9678ddd0 WorkerThread "GC Thread#10"                    [id=4356, stack(0x000000dcfa100000,0x000000dcfa200000) (1024K)]
  0x000002ae9678e510 WorkerThread "GC Thread#11"                    [id=8720, stack(0x000000dcfa200000,0x000000dcfa300000) (1024K)]
  0x000002ae9678e170 WorkerThread "GC Thread#12"                    [id=2972, stack(0x000000dcfa300000,0x000000dcfa400000) (1024K)]
  0x000002aef7984b80 ConcurrentGCThread "G1 Main Marker"            [id=25112, stack(0x000000dcf7900000,0x000000dcf7a00000) (1024K)]
  0x000002aef7985590 WorkerThread "G1 Conc#0"                       [id=13588, stack(0x000000dcf7a00000,0x000000dcf7b00000) (1024K)]
  0x000002ae9678d2f0 WorkerThread "G1 Conc#1"                       [id=7180, stack(0x000000dcfa400000,0x000000dcfa500000) (1024K)]
  0x000002ae9678e8b0 WorkerThread "G1 Conc#2"                       [id=22484, stack(0x000000dcfa500000,0x000000dcfa600000) (1024K)]
  0x000002ae8fa89970 ConcurrentGCThread "G1 Refine#0"               [id=15748, stack(0x000000dcf7b00000,0x000000dcf7c00000) (1024K)]
  0x000002ae8fa8a290 ConcurrentGCThread "G1 Service"                [id=19048, stack(0x000000dcf7c00000,0x000000dcf7d00000) (1024K)]
Total: 21

Threads with active compile tasks:
C2 CompilerThread3  4844 4784       4       jdk.internal.jimage.ImageLocation::getFullName (109 bytes)
C2 CompilerThread4  4844 4799       4       java.lang.String::split (148 bytes)
Total: 2

VM state: not at safepoint (normal execution)

VM Mutex/Monitor currently owned by a thread:  ([mutex/lock_event])
[0x00007ff88cf1b5e0] AdapterHandlerLibrary_lock - owner thread: 0x000002ae9661fac0

Heap address: 0x0000000080000000, size: 2048 MB, Compressed Oops mode: 32-bit

CDS archive(s) not mapped
Compressed class space mapped at: 0x0000000100000000-0x0000000140000000, reserved size: 1073741824
Narrow klass base: 0x0000000000000000, Narrow klass shift: 3, Narrow klass range: 0x140000000

GC Precious Log:
 CardTable entry size: 512
 Card Set container configuration: InlinePtr #cards 5 size 8 Array Of Cards #cards 12 size 40 Howl #buckets 4 coarsen threshold 1843 Howl Bitmap #cards 512 size 80 coarsen threshold 460 Card regions per heap region 1 cards per card region 2048
 CPUs: 16 total, 16 available
 Memory: 15711M
 Large Page Support: Disabled
 NUMA Support: Disabled
 Compressed Oops: Enabled (32-bit)
 Heap Region Size: 1M
 Heap Min Capacity: 8M
 Heap Initial Capacity: 246M
 Heap Max Capacity: 2G
 Pre-touch: Disabled
 Parallel Workers: 13
 Concurrent Workers: 3
 Concurrent Refinement Workers: 13
 Periodic GC: Disabled

Heap:
 garbage-first heap   total 93184K, used 57868K [0x0000000080000000, 0x0000000100000000)
  region size 1024K, 9 young (9216K), 4 survivors (4096K)
 Metaspace       used 50051K, committed 51264K, reserved 1114112K
  class space    used 6647K, committed 7232K, reserved 1048576K

Heap Regions: E=young(eden), S=young(survivor), O=old, HS=humongous(starts), HC=humongous(continues), CS=collection set, F=free, TAMS=top-at-mark-start, PB=parsable bottom
|   0|0x0000000080000000, 0x0000000080100000, 0x0000000080100000|100%|HS|  |TAMS 0x0000000080000000| PB 0x0000000080000000| Complete 
|   1|0x0000000080100000, 0x0000000080200000, 0x0000000080200000|100%|HC|  |TAMS 0x0000000080100000| PB 0x0000000080100000| Complete 
|   2|0x0000000080200000, 0x0000000080300000, 0x0000000080300000|100%|HC|  |TAMS 0x0000000080200000| PB 0x0000000080200000| Complete 
|   3|0x0000000080300000, 0x0000000080400000, 0x0000000080400000|100%|HC|  |TAMS 0x0000000080300000| PB 0x0000000080300000| Complete 
|   4|0x0000000080400000, 0x0000000080500000, 0x0000000080500000|100%| O|  |TAMS 0x0000000080400000| PB 0x0000000080400000| Untracked 
|   5|0x0000000080500000, 0x0000000080600000, 0x0000000080600000|100%| O|  |TAMS 0x0000000080500000| PB 0x0000000080500000| Untracked 
|   6|0x0000000080600000, 0x0000000080700000, 0x0000000080700000|100%| O|  |TAMS 0x0000000080600000| PB 0x0000000080600000| Untracked 
|   7|0x0000000080700000, 0x0000000080800000, 0x0000000080800000|100%| O|  |TAMS 0x0000000080700000| PB 0x0000000080700000| Untracked 
|   8|0x0000000080800000, 0x0000000080900000, 0x0000000080900000|100%| O|  |TAMS 0x0000000080800000| PB 0x0000000080800000| Untracked 
|   9|0x0000000080900000, 0x0000000080a00000, 0x0000000080a00000|100%| O|  |TAMS 0x0000000080900000| PB 0x0000000080900000| Untracked 
|  10|0x0000000080a00000, 0x0000000080b00000, 0x0000000080b00000|100%|HS|  |TAMS 0x0000000080a00000| PB 0x0000000080a00000| Complete 
|  11|0x0000000080b00000, 0x0000000080c00000, 0x0000000080c00000|100%| O|  |TAMS 0x0000000080b00000| PB 0x0000000080b00000| Untracked 
|  12|0x0000000080c00000, 0x0000000080d00000, 0x0000000080d00000|100%|HS|  |TAMS 0x0000000080c00000| PB 0x0000000080c00000| Complete 
|  13|0x0000000080d00000, 0x0000000080e00000, 0x0000000080e00000|100%|HS|  |TAMS 0x0000000080d00000| PB 0x0000000080d00000| Complete 
|  14|0x0000000080e00000, 0x0000000080f00000, 0x0000000080f00000|100%|HC|  |TAMS 0x0000000080e00000| PB 0x0000000080e00000| Complete 
|  15|0x0000000080f00000, 0x0000000081000000, 0x0000000081000000|100%|HC|  |TAMS 0x0000000080f00000| PB 0x0000000080f00000| Complete 
|  16|0x0000000081000000, 0x0000000081100000, 0x0000000081100000|100%|HC|  |TAMS 0x0000000081000000| PB 0x0000000081000000| Complete 
|  17|0x0000000081100000, 0x0000000081200000, 0x0000000081200000|100%|HC|  |TAMS 0x0000000081100000| PB 0x0000000081100000| Complete 
|  18|0x0000000081200000, 0x0000000081300000, 0x0000000081300000|100%|HC|  |TAMS 0x0000000081200000| PB 0x0000000081200000| Complete 
|  19|0x0000000081300000, 0x0000000081400000, 0x0000000081400000|100%|HS|  |TAMS 0x0000000081300000| PB 0x0000000081300000| Complete 
|  20|0x0000000081400000, 0x0000000081500000, 0x0000000081500000|100%|HC|  |TAMS 0x0000000081400000| PB 0x0000000081400000| Complete 
|  21|0x0000000081500000, 0x0000000081600000, 0x0000000081600000|100%|HC|  |TAMS 0x0000000081500000| PB 0x0000000081500000| Complete 
|  22|0x0000000081600000, 0x0000000081700000, 0x0000000081700000|100%|HS|  |TAMS 0x0000000081600000| PB 0x0000000081600000| Complete 
|  23|0x0000000081700000, 0x0000000081800000, 0x0000000081800000|100%|HC|  |TAMS 0x0000000081700000| PB 0x0000000081700000| Complete 
|  24|0x0000000081800000, 0x0000000081900000, 0x0000000081900000|100%| O|  |TAMS 0x0000000081800000| PB 0x0000000081800000| Untracked 
|  25|0x0000000081900000, 0x0000000081a00000, 0x0000000081a00000|100%| O|  |TAMS 0x0000000081900000| PB 0x0000000081900000| Untracked 
|  26|0x0000000081a00000, 0x0000000081b00000, 0x0000000081b00000|100%| O|  |TAMS 0x0000000081a00000| PB 0x0000000081a00000| Untracked 
|  27|0x0000000081b00000, 0x0000000081c00000, 0x0000000081c00000|100%| O|  |TAMS 0x0000000081b00000| PB 0x0000000081b00000| Untracked 
|  28|0x0000000081c00000, 0x0000000081d00000, 0x0000000081d00000|100%| O|  |TAMS 0x0000000081c00000| PB 0x0000000081c00000| Untracked 
|  29|0x0000000081d00000, 0x0000000081e00000, 0x0000000081e00000|100%| O|  |TAMS 0x0000000081d00000| PB 0x0000000081d00000| Untracked 
|  30|0x0000000081e00000, 0x0000000081f00000, 0x0000000081f00000|100%| O|  |TAMS 0x0000000081e00000| PB 0x0000000081e00000| Untracked 
|  31|0x0000000081f00000, 0x0000000082000000, 0x0000000082000000|100%| O|  |TAMS 0x0000000081f00000| PB 0x0000000081f00000| Untracked 
|  32|0x0000000082000000, 0x0000000082100000, 0x0000000082100000|100%| O|  |TAMS 0x0000000082000000| PB 0x0000000082000000| Untracked 
|  33|0x0000000082100000, 0x0000000082200000, 0x0000000082200000|100%| O|  |TAMS 0x0000000082100000| PB 0x0000000082100000| Untracked 
|  34|0x0000000082200000, 0x0000000082300000, 0x0000000082300000|100%| O|  |TAMS 0x0000000082200000| PB 0x0000000082200000| Untracked 
|  35|0x0000000082300000, 0x0000000082400000, 0x0000000082400000|100%| O|  |TAMS 0x0000000082300000| PB 0x0000000082300000| Untracked 
|  36|0x0000000082400000, 0x0000000082500000, 0x0000000082500000|100%| O|  |TAMS 0x0000000082400000| PB 0x0000000082400000| Untracked 
|  37|0x0000000082500000, 0x0000000082600000, 0x0000000082600000|100%| O|  |TAMS 0x0000000082500000| PB 0x0000000082500000| Untracked 
|  38|0x0000000082600000, 0x0000000082700000, 0x0000000082700000|100%| O|  |TAMS 0x0000000082600000| PB 0x0000000082600000| Untracked 
|  39|0x0000000082700000, 0x0000000082800000, 0x0000000082800000|100%| O|  |TAMS 0x0000000082700000| PB 0x0000000082700000| Untracked 
|  40|0x0000000082800000, 0x0000000082900000, 0x0000000082900000|100%| O|  |TAMS 0x0000000082800000| PB 0x0000000082800000| Untracked 
|  41|0x0000000082900000, 0x0000000082a00000, 0x0000000082a00000|100%| O|Cm|TAMS 0x0000000082900000| PB 0x0000000082900000| Complete 
|  42|0x0000000082a00000, 0x0000000082b00000, 0x0000000082b00000|100%| O|  |TAMS 0x0000000082a00000| PB 0x0000000082a00000| Untracked 
|  43|0x0000000082b00000, 0x0000000082b0ce80, 0x0000000082c00000|  5%| O|  |TAMS 0x0000000082b00000| PB 0x0000000082b00000| Untracked 
|  44|0x0000000082c00000, 0x0000000082d00000, 0x0000000082d00000|100%|HS|  |TAMS 0x0000000082c00000| PB 0x0000000082c00000| Complete 
|  45|0x0000000082d00000, 0x0000000082e00000, 0x0000000082e00000|100%|HS|  |TAMS 0x0000000082d00000| PB 0x0000000082d00000| Complete 
|  46|0x0000000082e00000, 0x0000000082f00000, 0x0000000082f00000|100%|HC|  |TAMS 0x0000000082e00000| PB 0x0000000082e00000| Complete 
|  47|0x0000000082f00000, 0x0000000083000000, 0x0000000083000000|100%|HS|  |TAMS 0x0000000082f00000| PB 0x0000000082f00000| Complete 
|  48|0x0000000083000000, 0x0000000083100000, 0x0000000083100000|100%|HC|  |TAMS 0x0000000083000000| PB 0x0000000083000000| Complete 
|  49|0x0000000083100000, 0x0000000083176190, 0x0000000083200000| 46%| S|CS|TAMS 0x0000000083100000| PB 0x0000000083100000| Complete 
|  50|0x0000000083200000, 0x0000000083300000, 0x0000000083300000|100%| S|CS|TAMS 0x0000000083200000| PB 0x0000000083200000| Complete 
|  51|0x0000000083300000, 0x0000000083300000, 0x0000000083400000|  0%| F|  |TAMS 0x0000000083300000| PB 0x0000000083300000| Untracked 
|  52|0x0000000083400000, 0x0000000083400000, 0x0000000083500000|  0%| F|  |TAMS 0x0000000083400000| PB 0x0000000083400000| Untracked 
|  53|0x0000000083500000, 0x0000000083600000, 0x0000000083600000|100%| S|CS|TAMS 0x0000000083500000| PB 0x0000000083500000| Complete 
|  54|0x0000000083600000, 0x0000000083700000, 0x0000000083700000|100%| S|CS|TAMS 0x0000000083600000| PB 0x0000000083600000| Complete 
|  55|0x0000000083700000, 0x0000000083700000, 0x0000000083800000|  0%| F|  |TAMS 0x0000000083700000| PB 0x0000000083700000| Untracked 
|  56|0x0000000083800000, 0x0000000083800000, 0x0000000083900000|  0%| F|  |TAMS 0x0000000083800000| PB 0x0000000083800000| Untracked 
|  57|0x0000000083900000, 0x0000000083900000, 0x0000000083a00000|  0%| F|  |TAMS 0x0000000083900000| PB 0x0000000083900000| Untracked 
|  58|0x0000000083a00000, 0x0000000083a00000, 0x0000000083b00000|  0%| F|  |TAMS 0x0000000083a00000| PB 0x0000000083a00000| Untracked 
|  59|0x0000000083b00000, 0x0000000083b00000, 0x0000000083c00000|  0%| F|  |TAMS 0x0000000083b00000| PB 0x0000000083b00000| Untracked 
|  60|0x0000000083c00000, 0x0000000083c00000, 0x0000000083d00000|  0%| F|  |TAMS 0x0000000083c00000| PB 0x0000000083c00000| Untracked 
|  61|0x0000000083d00000, 0x0000000083d00000, 0x0000000083e00000|  0%| F|  |TAMS 0x0000000083d00000| PB 0x0000000083d00000| Untracked 
|  62|0x0000000083e00000, 0x0000000083e00000, 0x0000000083f00000|  0%| F|  |TAMS 0x0000000083e00000| PB 0x0000000083e00000| Untracked 
|  63|0x0000000083f00000, 0x0000000083f00000, 0x0000000084000000|  0%| F|  |TAMS 0x0000000083f00000| PB 0x0000000083f00000| Untracked 
|  64|0x0000000084000000, 0x0000000084000000, 0x0000000084100000|  0%| F|  |TAMS 0x0000000084000000| PB 0x0000000084000000| Untracked 
|  65|0x0000000084100000, 0x0000000084100000, 0x0000000084200000|  0%| F|  |TAMS 0x0000000084100000| PB 0x0000000084100000| Untracked 
|  66|0x0000000084200000, 0x0000000084200000, 0x0000000084300000|  0%| F|  |TAMS 0x0000000084200000| PB 0x0000000084200000| Untracked 
|  67|0x0000000084300000, 0x0000000084300000, 0x0000000084400000|  0%| F|  |TAMS 0x0000000084300000| PB 0x0000000084300000| Untracked 
|  68|0x0000000084400000, 0x0000000084400000, 0x0000000084500000|  0%| F|  |TAMS 0x0000000084400000| PB 0x0000000084400000| Untracked 
|  69|0x0000000084500000, 0x0000000084500000, 0x0000000084600000|  0%| F|  |TAMS 0x0000000084500000| PB 0x0000000084500000| Untracked 
|  70|0x0000000084600000, 0x0000000084600000, 0x0000000084700000|  0%| F|  |TAMS 0x0000000084600000| PB 0x0000000084600000| Untracked 
|  71|0x0000000084700000, 0x0000000084700000, 0x0000000084800000|  0%| F|  |TAMS 0x0000000084700000| PB 0x0000000084700000| Untracked 
|  72|0x0000000084800000, 0x0000000084800000, 0x0000000084900000|  0%| F|  |TAMS 0x0000000084800000| PB 0x0000000084800000| Untracked 
|  73|0x0000000084900000, 0x0000000084900000, 0x0000000084a00000|  0%| F|  |TAMS 0x0000000084900000| PB 0x0000000084900000| Untracked 
|  74|0x0000000084a00000, 0x0000000084a00000, 0x0000000084b00000|  0%| F|  |TAMS 0x0000000084a00000| PB 0x0000000084a00000| Untracked 
|  75|0x0000000084b00000, 0x0000000084b00000, 0x0000000084c00000|  0%| F|  |TAMS 0x0000000084b00000| PB 0x0000000084b00000| Untracked 
|  76|0x0000000084c00000, 0x0000000084c00000, 0x0000000084d00000|  0%| F|  |TAMS 0x0000000084c00000| PB 0x0000000084c00000| Untracked 
| 216|0x000000008d800000, 0x000000008d800000, 0x000000008d900000|  0%| F|  |TAMS 0x000000008d800000| PB 0x000000008d800000| Untracked 
| 217|0x000000008d900000, 0x000000008d900000, 0x000000008da00000|  0%| F|  |TAMS 0x000000008d900000| PB 0x000000008d900000| Untracked 
| 218|0x000000008da00000, 0x000000008da00000, 0x000000008db00000|  0%| F|  |TAMS 0x000000008da00000| PB 0x000000008da00000| Untracked 
| 219|0x000000008db00000, 0x000000008db00000, 0x000000008dc00000|  0%| F|  |TAMS 0x000000008db00000| PB 0x000000008db00000| Untracked 
| 220|0x000000008dc00000, 0x000000008dc00000, 0x000000008dd00000|  0%| F|  |TAMS 0x000000008dc00000| PB 0x000000008dc00000| Untracked 
| 221|0x000000008dd00000, 0x000000008dd00000, 0x000000008de00000|  0%| F|  |TAMS 0x000000008dd00000| PB 0x000000008dd00000| Untracked 
| 222|0x000000008de00000, 0x000000008de00000, 0x000000008df00000|  0%| F|  |TAMS 0x000000008de00000| PB 0x000000008de00000| Untracked 
| 223|0x000000008df00000, 0x000000008df7fc10, 0x000000008e000000| 49%| E|  |TAMS 0x000000008df00000| PB 0x000000008df00000| Complete 
| 224|0x000000008e000000, 0x000000008e0ca280, 0x000000008e100000| 78%| E|  |TAMS 0x000000008e000000| PB 0x000000008e000000| Complete 
| 225|0x000000008e100000, 0x000000008e200000, 0x000000008e200000|100%| E|CS|TAMS 0x000000008e100000| PB 0x000000008e100000| Complete 
| 245|0x000000008f500000, 0x000000008f600000, 0x000000008f600000|100%| E|CS|TAMS 0x000000008f500000| PB 0x000000008f500000| Complete 
|2045|0x00000000ffd00000, 0x00000000ffe00000, 0x00000000ffe00000|100%| O|  |TAMS 0x00000000ffd00000| PB 0x00000000ffd00000| Untracked 
|2046|0x00000000ffe00000, 0x00000000fff00000, 0x00000000fff00000|100%| E|CS|TAMS 0x00000000ffe00000| PB 0x00000000ffe00000| Complete 
|2047|0x00000000fff00000, 0x0000000100000000, 0x0000000100000000|100%| O|  |TAMS 0x00000000fff00000| PB 0x00000000fff00000| Untracked 

Card table byte_map: [0x000002aefb6f0000,0x000002aefbaf0000] _byte_map_base: 0x000002aefb2f0000

Marking Bits: (CMBitMap*) 0x000002aef79742a0
 Bits: [0x000002aefbaf0000, 0x000002aefdaf0000)

Polling page: 0x000002aef57c0000

Metaspace:

Usage:
  Non-class:     42.39 MB used.
      Class:      6.49 MB used.
       Both:     48.89 MB used.

Virtual space:
  Non-class space:       64.00 MB reserved,      43.00 MB ( 67%) committed,  1 nodes.
      Class space:        1.00 GB reserved,       7.12 MB ( <1%) committed,  1 nodes.
             Both:        1.06 GB reserved,      50.12 MB (  5%) committed. 

Chunk freelists:
   Non-Class:  4.69 MB
       Class:  8.92 MB
        Both:  13.61 MB

MaxMetaspaceSize: unlimited
CompressedClassSpaceSize: 1.00 GB
Initial GC threshold: 21.00 MB
Current GC threshold: 82.19 MB
CDS: off
 - commit_granule_bytes: 65536.
 - commit_granule_words: 8192.
 - virtual_space_node_default_size: 8388608.
 - enlarge_chunks_in_place: 1.
 - use_allocation_guard: 0.


Internal statistics:

num_allocs_failed_limit: 6.
num_arena_births: 2310.
num_arena_deaths: 0.
num_vsnodes_births: 2.
num_vsnodes_deaths: 0.
num_space_committed: 802.
num_space_uncommitted: 0.
num_chunks_returned_to_freelist: 6.
num_chunks_taken_from_freelist: 4179.
num_chunk_merges: 6.
num_chunk_splits: 2671.
num_chunks_enlarged: 1623.
num_inconsistent_stats: 0.

CodeHeap 'non-profiled nmethods': size=119168Kb used=2405Kb max_used=2631Kb free=116763Kb
 bounds [0x000002ae87ba0000, 0x000002ae87e40000, 0x000002ae8f000000]
CodeHeap 'profiled nmethods': size=119104Kb used=8450Kb max_used=8888Kb free=110653Kb
 bounds [0x000002ae80000000, 0x000002ae808b0000, 0x000002ae87450000]
CodeHeap 'non-nmethods': size=7488Kb used=4347Kb max_used=4347Kb free=3140Kb
 bounds [0x000002ae87450000, 0x000002ae878a0000, 0x000002ae87ba0000]
 total_blobs=5168 nmethods=4342 adapters=726
 compilation: enabled
              stopped_count=0, restarted_count=0
 full_count=0

Compilation events (20 events):
Event: 4.739 Thread 0x000002ae8fd070e0 nmethod 4867 0x000002ae808a5e10 code [0x000002ae808a6020, 0x000002ae808a66a0]
Event: 4.739 Thread 0x000002ae8fd070e0 4872       3       groovy.lang.MetaBeanProperty::<init> (18 bytes)
Event: 4.739 Thread 0x000002ae8febed10 nmethod 4870 0x000002ae808a6910 code [0x000002ae808a6b00, 0x000002ae808a6fb0]
Event: 4.739 Thread 0x000002ae955a8940 nmethod 4868 0x000002ae808a7190 code [0x000002ae808a73a0, 0x000002ae808a7a88]
Event: 4.739 Thread 0x000002ae8fd070e0 nmethod 4872 0x000002ae808a7d10 code [0x000002ae808a7ec0, 0x000002ae808a81f0]
Event: 4.740 Thread 0x000002ae8fec1c50 nmethod 4871 0x000002ae808a8310 code [0x000002ae808a8720, 0x000002ae808aab88]
Event: 4.751 Thread 0x000002ae955a8940 4873       3       java.beans.FeatureDescriptor::setClass0 (9 bytes)
Event: 4.751 Thread 0x000002ae8febed10 4874       3       java.beans.FeatureDescriptor::<init> (5 bytes)
Event: 4.752 Thread 0x000002ae8febed10 nmethod 4874 0x000002ae808ab490 code [0x000002ae808ab640, 0x000002ae808ab7a8]
Event: 4.752 Thread 0x000002ae955a8940 nmethod 4873 0x000002ae808ab890 code [0x000002ae808aba60, 0x000002ae808abde0]
Event: 4.752 Thread 0x000002ae8febed10 4875       1       java.util.TreeMap::size (5 bytes)
Event: 4.752 Thread 0x000002ae8febed10 nmethod 4875 0x000002ae87e24f90 code [0x000002ae87e25120, 0x000002ae87e251e8]
Event: 4.752 Thread 0x000002ae8fd070e0 4876       1       groovy.lang.MetaBeanProperty::getSetter (5 bytes)
Event: 4.752 Thread 0x000002ae8fec1c50 4877       1       org.codehaus.groovy.reflection.GeneratedMetaMethod::getReturnType (5 bytes)
Event: 4.752 Thread 0x000002ae8fd070e0 nmethod 4876 0x000002ae87e25290 code [0x000002ae87e25420, 0x000002ae87e254e8]
Event: 4.752 Thread 0x000002ae8fec1c50 nmethod 4877 0x000002ae87e25590 code [0x000002ae87e25720, 0x000002ae87e257e8]
Event: 4.754 Thread 0x000002ae8febed10 4878       3       org.gradle.internal.service.DefaultServiceRegistry::unwrap (75 bytes)
Event: 4.754 Thread 0x000002ae965d9c60 nmethod 4780 0x000002ae87e25890 code [0x000002ae87e25d20, 0x000002ae87e28c40]
Event: 4.754 Thread 0x000002ae965d9c60 4830       4       java.lang.PublicMethods$MethodList::filter (104 bytes)
Event: 4.754 Thread 0x000002ae8febed10 nmethod 4878 0x000002ae808abf10 code [0x000002ae808ac160, 0x000002ae808ace18]

GC Heap History (18 events):
Event: 0.536 GC heap before
{Heap before GC invocations=0 (full 0):
 garbage-first heap   total 251904K, used 26624K [0x0000000080000000, 0x0000000100000000)
  region size 1024K, 23 young (23552K), 0 survivors (0K)
 Metaspace       used 8038K, committed 8192K, reserved 1114112K
  class space    used 711K, committed 768K, reserved 1048576K
}
Event: 0.541 GC heap after
{Heap after GC invocations=1 (full 0):
 garbage-first heap   total 251904K, used 10063K [0x0000000080000000, 0x0000000100000000)
  region size 1024K, 3 young (3072K), 3 survivors (3072K)
 Metaspace       used 8038K, committed 8192K, reserved 1114112K
  class space    used 711K, committed 768K, reserved 1048576K
}
Event: 1.078 GC heap before
{Heap before GC invocations=1 (full 0):
 garbage-first heap   total 251904K, used 41807K [0x0000000080000000, 0x0000000100000000)
  region size 1024K, 34 young (34816K), 3 survivors (3072K)
 Metaspace       used 12135K, committed 12352K, reserved 1114112K
  class space    used 1268K, committed 1408K, reserved 1048576K
}
Event: 1.082 GC heap after
{Heap after GC invocations=2 (full 0):
 garbage-first heap   total 251904K, used 12029K [0x0000000080000000, 0x0000000100000000)
  region size 1024K, 2 young (2048K), 2 survivors (2048K)
 Metaspace       used 12135K, committed 12352K, reserved 1114112K
  class space    used 1268K, committed 1408K, reserved 1048576K
}
Event: 1.695 GC heap before
{Heap before GC invocations=2 (full 0):
 garbage-first heap   total 251904K, used 61181K [0x0000000080000000, 0x0000000100000000)
  region size 1024K, 49 young (50176K), 2 survivors (2048K)
 Metaspace       used 15972K, committed 16256K, reserved 1114112K
  class space    used 1762K, committed 1920K, reserved 1048576K
}
Event: 1.700 GC heap after
{Heap after GC invocations=3 (full 0):
 garbage-first heap   total 251904K, used 18793K [0x0000000080000000, 0x0000000100000000)
  region size 1024K, 7 young (7168K), 7 survivors (7168K)
 Metaspace       used 15972K, committed 16256K, reserved 1114112K
  class space    used 1762K, committed 1920K, reserved 1048576K
}
Event: 2.112 GC heap before
{Heap before GC invocations=3 (full 0):
 garbage-first heap   total 251904K, used 38249K [0x0000000080000000, 0x0000000100000000)
  region size 1024K, 27 young (27648K), 7 survivors (7168K)
 Metaspace       used 21170K, committed 21504K, reserved 1114112K
  class space    used 2449K, committed 2624K, reserved 1048576K
}
Event: 2.116 GC heap after
{Heap after GC invocations=4 (full 0):
 garbage-first heap   total 251904K, used 20967K [0x0000000080000000, 0x0000000100000000)
  region size 1024K, 10 young (10240K), 10 survivors (10240K)
 Metaspace       used 21170K, committed 21504K, reserved 1114112K
  class space    used 2449K, committed 2624K, reserved 1048576K
}
Event: 2.887 GC heap before
{Heap before GC invocations=5 (full 0):
 garbage-first heap   total 75776K, used 73191K [0x0000000080000000, 0x0000000100000000)
  region size 1024K, 62 young (63488K), 10 survivors (10240K)
 Metaspace       used 29575K, committed 30208K, reserved 1114112K
  class space    used 3788K, committed 4096K, reserved 1048576K
}
Event: 2.894 GC heap after
{Heap after GC invocations=6 (full 0):
 garbage-first heap   total 88064K, used 23913K [0x0000000080000000, 0x0000000100000000)
  region size 1024K, 12 young (12288K), 12 survivors (12288K)
 Metaspace       used 29575K, committed 30208K, reserved 1114112K
  class space    used 3788K, committed 4096K, reserved 1048576K
}
Event: 3.448 GC heap before
{Heap before GC invocations=6 (full 0):
 garbage-first heap   total 88064K, used 74089K [0x0000000080000000, 0x0000000100000000)
  region size 1024K, 51 young (52224K), 12 survivors (12288K)
 Metaspace       used 34600K, committed 35456K, reserved 1114112K
  class space    used 4642K, committed 5056K, reserved 1048576K
}
Event: 3.455 GC heap after
{Heap after GC invocations=7 (full 0):
 garbage-first heap   total 93184K, used 38984K [0x0000000080000000, 0x0000000100000000)
  region size 1024K, 7 young (7168K), 7 survivors (7168K)
 Metaspace       used 34600K, committed 35456K, reserved 1114112K
  class space    used 4642K, committed 5056K, reserved 1048576K
}
Event: 3.535 GC heap before
{Heap before GC invocations=7 (full 0):
 garbage-first heap   total 93184K, used 47176K [0x0000000080000000, 0x0000000100000000)
  region size 1024K, 15 young (15360K), 7 survivors (7168K)
 Metaspace       used 35215K, committed 36096K, reserved 1114112K
  class space    used 4747K, committed 5184K, reserved 1048576K
}
Event: 3.539 GC heap after
{Heap after GC invocations=8 (full 0):
 garbage-first heap   total 93184K, used 42186K [0x0000000080000000, 0x0000000100000000)
  region size 1024K, 2 young (2048K), 2 survivors (2048K)
 Metaspace       used 35215K, committed 36096K, reserved 1114112K
  class space    used 4747K, committed 5184K, reserved 1048576K
}
Event: 3.960 GC heap before
{Heap before GC invocations=9 (full 0):
 garbage-first heap   total 93184K, used 78026K [0x0000000080000000, 0x0000000100000000)
  region size 1024K, 37 young (37888K), 2 survivors (2048K)
 Metaspace       used 39480K, committed 40512K, reserved 1114112K
  class space    used 5428K, committed 5952K, reserved 1048576K
}
Event: 3.962 GC heap after
{Heap after GC invocations=10 (full 0):
 garbage-first heap   total 93184K, used 43678K [0x0000000080000000, 0x0000000100000000)
  region size 1024K, 4 young (4096K), 4 survivors (4096K)
 Metaspace       used 39480K, committed 40512K, reserved 1114112K
  class space    used 5428K, committed 5952K, reserved 1048576K
}
Event: 4.455 GC heap before
{Heap before GC invocations=10 (full 0):
 garbage-first heap   total 93184K, used 78494K [0x0000000080000000, 0x0000000100000000)
  region size 1024K, 39 young (39936K), 4 survivors (4096K)
 Metaspace       used 46514K, committed 47808K, reserved 1114112K
  class space    used 6343K, committed 6976K, reserved 1048576K
}
Event: 4.459 GC heap after
{Heap after GC invocations=11 (full 0):
 garbage-first heap   total 93184K, used 46170K [0x0000000080000000, 0x0000000100000000)
  region size 1024K, 5 young (5120K), 5 survivors (5120K)
 Metaspace       used 46514K, committed 47808K, reserved 1114112K
  class space    used 6343K, committed 6976K, reserved 1048576K
}

Dll operation events (3 events):
Event: 0.011 Loaded shared library C:\Program Files\Android\Android Studio\jbr\bin\java.dll
Event: 0.018 Loaded shared library C:\Program Files\Android\Android Studio\jbr\bin\zip.dll
Event: 0.558 Loaded shared library C:\Program Files\Android\Android Studio\jbr\bin\verify.dll

Deoptimization events (20 events):
Event: 4.634 Thread 0x000002ae9661fac0 Uncommon trap: trap_request=0xffffff45 fr.pc=0x000002ae87d85284 relative=0x0000000000000744
Event: 4.634 Thread 0x000002ae9661fac0 Uncommon trap: reason=unstable_if action=reinterpret pc=0x000002ae87d85284 method=java.net.URI.percentNormalizedComparison(Ljava/lang/String;Ljava/lang/String;Z)I @ 21 c2
Event: 4.634 Thread 0x000002ae9661fac0 DEOPT PACKING pc=0x000002ae87d85284 sp=0x000000dcf9cf7230
Event: 4.634 Thread 0x000002ae9661fac0 DEOPT UNPACKING pc=0x000002ae874a46a2 sp=0x000000dcf9cf71a0 mode 2
Event: 4.634 Thread 0x000002ae9661fac0 Uncommon trap: trap_request=0xffffff6e fr.pc=0x000002ae87e076ec relative=0x000000000000082c
Event: 4.634 Thread 0x000002ae9661fac0 Uncommon trap: reason=loop_limit_check action=maybe_recompile pc=0x000002ae87e076ec method=java.util.regex.Pattern$Start.match(Ljava/util/regex/Matcher;ILjava/lang/CharSequence;)Z @ 34 c2
Event: 4.634 Thread 0x000002ae9661fac0 DEOPT PACKING pc=0x000002ae87e076ec sp=0x000000dcf9cf6e20
Event: 4.634 Thread 0x000002ae9661fac0 DEOPT UNPACKING pc=0x000002ae874a46a2 sp=0x000000dcf9cf6d70 mode 2
Event: 4.681 Thread 0x000002ae9661fac0 DEOPT PACKING pc=0x000002ae80855c40 sp=0x000000dcf9cf6b70
Event: 4.681 Thread 0x000002ae9661fac0 DEOPT UNPACKING pc=0x000002ae874a4e42 sp=0x000000dcf9cf6060 mode 0
Event: 4.682 Thread 0x000002ae9661fac0 DEOPT PACKING pc=0x000002ae80855c40 sp=0x000000dcf9cf6b70
Event: 4.682 Thread 0x000002ae9661fac0 DEOPT UNPACKING pc=0x000002ae874a4e42 sp=0x000000dcf9cf6060 mode 0
Event: 4.734 Thread 0x000002ae9661fac0 Uncommon trap: trap_request=0xffffffc6 fr.pc=0x000002ae87e1b51c relative=0x00000000000008dc
Event: 4.734 Thread 0x000002ae9661fac0 Uncommon trap: reason=bimorphic_or_optimized_type_check action=maybe_recompile pc=0x000002ae87e1b51c method=java.util.regex.Pattern$Start.match(Ljava/util/regex/Matcher;ILjava/lang/CharSequence;)Z @ 44 c2
Event: 4.734 Thread 0x000002ae9661fac0 DEOPT PACKING pc=0x000002ae87e1b51c sp=0x000000dcf9cf7ff0
Event: 4.734 Thread 0x000002ae9661fac0 DEOPT UNPACKING pc=0x000002ae874a46a2 sp=0x000000dcf9cf7ec8 mode 2
Event: 4.735 Thread 0x000002ae9661fac0 Uncommon trap: trap_request=0xffffffc6 fr.pc=0x000002ae87e1b51c relative=0x00000000000008dc
Event: 4.735 Thread 0x000002ae9661fac0 Uncommon trap: reason=bimorphic_or_optimized_type_check action=maybe_recompile pc=0x000002ae87e1b51c method=java.util.regex.Pattern$Start.match(Ljava/util/regex/Matcher;ILjava/lang/CharSequence;)Z @ 44 c2
Event: 4.735 Thread 0x000002ae9661fac0 DEOPT PACKING pc=0x000002ae87e1b51c sp=0x000000dcf9cf7ff0
Event: 4.735 Thread 0x000002ae9661fac0 DEOPT UNPACKING pc=0x000002ae874a46a2 sp=0x000000dcf9cf7ec8 mode 2

Classes loaded (20 events):
Event: 4.636 Loading class jdk/internal/jrtfs/SystemImage$1
Event: 4.636 Loading class jdk/internal/jrtfs/SystemImage$1 done
Event: 4.636 Loading class jdk/internal/jimage/ImageReader$SharedImageReader$LocationVisitor
Event: 4.636 Loading class jdk/internal/jimage/ImageReader$SharedImageReader$LocationVisitor done
Event: 4.637 Loading class java/nio/ByteBufferAsIntBufferL
Event: 4.637 Loading class java/nio/ByteBufferAsIntBufferL done
Event: 4.638 Loading class jdk/internal/jrtfs/JrtFileAttributes
Event: 4.638 Loading class jdk/internal/jrtfs/JrtFileAttributes done
Event: 4.638 Loading class jdk/internal/jrtfs/JrtDirectoryStream
Event: 4.638 Loading class jdk/internal/jrtfs/JrtDirectoryStream done
Event: 4.638 Loading class jdk/internal/jrtfs/JrtDirectoryStream$1
Event: 4.638 Loading class jdk/internal/jrtfs/JrtDirectoryStream$1 done
Event: 4.639 Loading class java/util/function/BooleanSupplier
Event: 4.639 Loading class java/util/function/BooleanSupplier done
Event: 4.639 Loading class jdk/internal/jimage/ImageReader$Resource
Event: 4.639 Loading class jdk/internal/jimage/ImageReader$Resource done
Event: 4.712 Loading class java/util/WeakHashMap$KeyIterator
Event: 4.712 Loading class java/util/WeakHashMap$HashIterator
Event: 4.712 Loading class java/util/WeakHashMap$HashIterator done
Event: 4.712 Loading class java/util/WeakHashMap$KeyIterator done

Classes unloaded (0 events):
No events

Classes redefined (0 events):
No events

Internal exceptions (20 events):
Event: 4.515 Thread 0x000002ae9661fac0 Exception <a 'java/lang/ClassNotFoundException'{0x000000008df02ff8}: groovy/lang/MetaClassImplCustomizer> (0x000000008df02ff8) 
thrown [s\src\hotspot\share\classfile\systemDictionary.cpp, line 312]
Event: 4.517 Thread 0x000002ae9661fac0 Exception <a 'java/lang/ClassNotFoundException'{0x000000008df2c038}: groovy/lang/ExpandoMetaClassCustomizer> (0x000000008df2c038) 
thrown [s\src\hotspot\share\classfile\systemDictionary.cpp, line 312]
Event: 4.716 Thread 0x000002ae9661fac0 Exception <a 'java/lang/ClassNotFoundException'{0x0000000083a9e288}: groovy/lang/BindingBeanInfo> (0x0000000083a9e288) 
thrown [s\src\hotspot\share\classfile\systemDictionary.cpp, line 312]
Event: 4.717 Thread 0x000002ae9661fac0 Exception <a 'java/lang/ClassNotFoundException'{0x0000000083aa7708}: groovy/lang/GroovyObjectSupportBeanInfo> (0x0000000083aa7708) 
thrown [s\src\hotspot\share\classfile\systemDictionary.cpp, line 312]
Event: 4.717 Thread 0x000002ae9661fac0 Exception <a 'java/lang/ClassNotFoundException'{0x0000000083ab0ba8}: groovy/lang/GroovyObjectSupportCustomizer> (0x0000000083ab0ba8) 
thrown [s\src\hotspot\share\classfile\systemDictionary.cpp, line 312]
Event: 4.718 Thread 0x000002ae9661fac0 Exception <a 'java/lang/ClassNotFoundException'{0x0000000083abe458}: groovy/lang/BindingCustomizer> (0x0000000083abe458) 
thrown [s\src\hotspot\share\classfile\systemDictionary.cpp, line 312]
Event: 4.729 Thread 0x000002ae9661fac0 Exception <a 'java/lang/ClassNotFoundException'{0x00000000838037d8}: ijMapper1_205wy7l165cqcpjk5fzt16dv2BeanInfo> (0x00000000838037d8) 
thrown [s\src\hotspot\share\classfile\systemDictionary.cpp, line 312]
Event: 4.729 Thread 0x000002ae9661fac0 Exception <a 'java/lang/ClassNotFoundException'{0x000000008380cca0}: org/gradle/initialization/InitScriptBeanInfo> (0x000000008380cca0) 
thrown [s\src\hotspot\share\classfile\systemDictionary.cpp, line 312]
Event: 4.729 Thread 0x000002ae9661fac0 Exception <a 'java/lang/ClassNotFoundException'{0x0000000083816258}: org/gradle/groovy/scripts/DefaultScriptBeanInfo> (0x0000000083816258) 
thrown [s\src\hotspot\share\classfile\systemDictionary.cpp, line 312]
Event: 4.729 Thread 0x000002ae9661fac0 Exception <a 'java/lang/ClassNotFoundException'{0x000000008381f760}: org/gradle/groovy/scripts/BasicScriptBeanInfo> (0x000000008381f760) 
thrown [s\src\hotspot\share\classfile\systemDictionary.cpp, line 312]
Event: 4.730 Thread 0x000002ae9661fac0 Exception <a 'java/lang/ClassNotFoundException'{0x0000000083829c28}: org/gradle/groovy/scripts/ScriptBeanInfo> (0x0000000083829c28) 
thrown [s\src\hotspot\share\classfile\systemDictionary.cpp, line 312]
Event: 4.730 Thread 0x000002ae9661fac0 Exception <a 'java/lang/ClassNotFoundException'{0x0000000083833ee8}: groovy/lang/ScriptBeanInfo> (0x0000000083833ee8) 
thrown [s\src\hotspot\share\classfile\systemDictionary.cpp, line 312]
Event: 4.730 Thread 0x000002ae9661fac0 Exception <a 'java/lang/ClassNotFoundException'{0x000000008383e448}: groovy/lang/ScriptCustomizer> (0x000000008383e448) 
thrown [s\src\hotspot\share\classfile\systemDictionary.cpp, line 312]
Event: 4.731 Thread 0x000002ae9661fac0 Exception <a 'java/lang/ClassNotFoundException'{0x0000000083850510}: org/gradle/groovy/scripts/ScriptCustomizer> (0x0000000083850510) 
thrown [s\src\hotspot\share\classfile\systemDictionary.cpp, line 312]
Event: 4.732 Thread 0x000002ae9661fac0 Exception <a 'java/lang/ClassNotFoundException'{0x00000000838606c0}: org/gradle/groovy/scripts/BasicScriptCustomizer> (0x00000000838606c0) 
thrown [s\src\hotspot\share\classfile\systemDictionary.cpp, line 312]
Event: 4.734 Thread 0x000002ae9661fac0 Exception <a 'java/lang/ClassNotFoundException'{0x0000000083876e68}: org/gradle/groovy/scripts/DefaultScriptCustomizer> (0x0000000083876e68) 
thrown [s\src\hotspot\share\classfile\systemDictionary.cpp, line 312]
Event: 4.737 Thread 0x000002ae9661fac0 Exception <a 'java/lang/ClassNotFoundException'{0x000000008389d910}: org/gradle/initialization/InitScriptCustomizer> (0x000000008389d910) 
thrown [s\src\hotspot\share\classfile\systemDictionary.cpp, line 312]
Event: 4.737 Thread 0x000002ae9661fac0 Exception <a 'java/lang/ClassNotFoundException'{0x00000000838ac7e0}: ijMapper1_205wy7l165cqcpjk5fzt16dv2Customizer> (0x00000000838ac7e0) 
thrown [s\src\hotspot\share\classfile\systemDictionary.cpp, line 312]
Event: 4.751 Thread 0x000002ae9661fac0 Exception <a 'java/lang/ClassNotFoundException'{0x00000000837670c8}: org/gradle/internal/extensibility/DefaultExtraPropertiesExtensionBeanInfo> (0x00000000837670c8) 
thrown [s\src\hotspot\share\classfile\systemDictionary.cpp, line 312]
Event: 4.751 Thread 0x000002ae9661fac0 Exception <a 'java/lang/ClassNotFoundException'{0x0000000083770a00}: org/gradle/internal/extensibility/DefaultExtraPropertiesExtensionCustomizer> (0x0000000083770a00) 
thrown [s\src\hotspot\share\classfile\systemDictionary.cpp, line 312]

ZGC Phase Switch (0 events):
No events

VM Operations (20 events):
Event: 4.310 Executing VM operation: HandshakeAllThreads (Deoptimize)
Event: 4.310 Executing VM operation: HandshakeAllThreads (Deoptimize) done
Event: 4.348 Executing VM operation: ICBufferFull
Event: 4.348 Executing VM operation: ICBufferFull done
Event: 4.417 Executing VM operation: HandshakeAllThreads (Deoptimize)
Event: 4.417 Executing VM operation: HandshakeAllThreads (Deoptimize) done
Event: 4.455 Executing VM operation: G1CollectForAllocation (G1 Evacuation Pause)
Event: 4.459 Executing VM operation: G1CollectForAllocation (G1 Evacuation Pause) done
Event: 4.485 Executing VM operation: HandshakeAllThreads (Deoptimize)
Event: 4.485 Executing VM operation: HandshakeAllThreads (Deoptimize) done
Event: 4.563 Executing VM operation: HandshakeAllThreads (Deoptimize)
Event: 4.563 Executing VM operation: HandshakeAllThreads (Deoptimize) done
Event: 4.568 Executing VM operation: HandshakeAllThreads (Deoptimize)
Event: 4.568 Executing VM operation: HandshakeAllThreads (Deoptimize) done
Event: 4.576 Executing VM operation: HandshakeAllThreads (Deoptimize)
Event: 4.576 Executing VM operation: HandshakeAllThreads (Deoptimize) done
Event: 4.637 Executing VM operation: HandshakeAllThreads (Deoptimize)
Event: 4.637 Executing VM operation: HandshakeAllThreads (Deoptimize) done
Event: 4.755 Executing VM operation: ICBufferFull
Event: 4.755 Executing VM operation: ICBufferFull done

Memory protections (0 events):
No events

Nmethod flushes (20 events):
Event: 3.550 Thread 0x000002ae8fc8f9c0 flushing  nmethod 0x000002ae80072310
Event: 3.550 Thread 0x000002ae8fc8f9c0 flushing  nmethod 0x000002ae80073010
Event: 3.550 Thread 0x000002ae8fc8f9c0 flushing  nmethod 0x000002ae80073510
Event: 3.550 Thread 0x000002ae8fc8f9c0 flushing  nmethod 0x000002ae80073890
Event: 3.550 Thread 0x000002ae8fc8f9c0 flushing  nmethod 0x000002ae80074190
Event: 3.550 Thread 0x000002ae8fc8f9c0 flushing  nmethod 0x000002ae80075190
Event: 3.550 Thread 0x000002ae8fc8f9c0 flushing  nmethod 0x000002ae80075e10
Event: 3.550 Thread 0x000002ae8fc8f9c0 flushing  nmethod 0x000002ae80076590
Event: 3.550 Thread 0x000002ae8fc8f9c0 flushing  nmethod 0x000002ae8009fc10
Event: 3.550 Thread 0x000002ae8fc8f9c0 flushing  nmethod 0x000002ae8012dc90
Event: 3.550 Thread 0x000002ae8fc8f9c0 flushing  nmethod 0x000002ae8012e490
Event: 3.550 Thread 0x000002ae8fc8f9c0 flushing  nmethod 0x000002ae80131210
Event: 3.550 Thread 0x000002ae8fc8f9c0 flushing  nmethod 0x000002ae80134510
Event: 3.550 Thread 0x000002ae8fc8f9c0 flushing  nmethod 0x000002ae8013a890
Event: 3.550 Thread 0x000002ae8fc8f9c0 flushing  nmethod 0x000002ae801b4290
Event: 3.550 Thread 0x000002ae8fc8f9c0 flushing  nmethod 0x000002ae801b7010
Event: 3.550 Thread 0x000002ae8fc8f9c0 flushing  nmethod 0x000002ae801bae10
Event: 3.550 Thread 0x000002ae8fc8f9c0 flushing  nmethod 0x000002ae80423f10
Event: 3.550 Thread 0x000002ae8fc8f9c0 flushing  nmethod 0x000002ae8042ba10
Event: 3.550 Thread 0x000002ae8fc8f9c0 flushing  nmethod 0x000002ae80487c90

Events (20 events):
Event: 3.382 Thread 0x000002ae9661fac0 Thread added: 0x000002ae96e2a6c0
Event: 3.382 Thread 0x000002ae9661fac0 Thread added: 0x000002ae96e29310
Event: 3.382 Thread 0x000002ae9661fac0 Thread added: 0x000002ae96e27240
Event: 3.382 Thread 0x000002ae9661fac0 Thread added: 0x000002ae96e2ad50
Event: 3.382 Thread 0x000002ae9661fac0 Thread added: 0x000002ae96e27f60
Event: 3.383 Thread 0x000002ae9661fac0 Thread added: 0x000002ae96e278d0
Event: 3.383 Thread 0x000002ae9661fac0 Thread added: 0x000002ae96e2b3e0
Event: 3.383 Thread 0x000002ae9661fac0 Thread added: 0x000002ae96e2ba70
Event: 3.383 Thread 0x000002ae9661fac0 Thread added: 0x000002ae96e285f0
Event: 3.383 Thread 0x000002ae9661fac0 Thread added: 0x000002ae96e2c790
Event: 3.383 Thread 0x000002ae9661fac0 Thread added: 0x000002ae96e2d4b0
Event: 3.384 Thread 0x000002ae9661fac0 Thread added: 0x000002ae96e2c100
Event: 3.384 Thread 0x000002ae9661fac0 Thread added: 0x000002ae96e2ce20
Event: 3.783 Thread 0x000002ae9661fac0 Thread added: 0x000002ae97bed5e0
Event: 3.812 Thread 0x000002ae9661fac0 Thread added: 0x000002ae97bedc70
Event: 3.928 Thread 0x000002ae9661fac0 Thread added: 0x000002ae97bee300
Event: 4.032 Thread 0x000002ae9661fac0 Thread added: 0x000002ae97bec230
Event: 4.534 Thread 0x000002ae97e350c0 Thread exited: 0x000002ae97e350c0
Event: 4.659 Thread 0x000002ae955a8940 Thread added: 0x000002ae9a3be900
Event: 4.664 Thread 0x000002ae8fd04280 Thread added: 0x000002ae9a9d13f0


Dynamic libraries:
0x00007ff6b4da0000 - 0x00007ff6b4daa000 	C:\Program Files\Android\Android Studio\jbr\bin\java.exe
0x00007ff9407a0000 - 0x00007ff940a03000 	C:\WINDOWS\SYSTEM32\ntdll.dll
0x00007ff93f940000 - 0x00007ff93fa07000 	C:\WINDOWS\System32\KERNEL32.DLL
0x00007ff93e210000 - 0x00007ff93e5d7000 	C:\WINDOWS\System32\KERNELBASE.dll
0x00007ff93de40000 - 0x00007ff93df8c000 	C:\WINDOWS\System32\ucrtbase.dll
0x00007ff936d50000 - 0x00007ff936d6b000 	C:\Program Files\Android\Android Studio\jbr\bin\VCRUNTIME140.dll
0x00007ff91e230000 - 0x00007ff91e248000 	C:\Program Files\Android\Android Studio\jbr\bin\jli.dll
0x00007ff9403b0000 - 0x00007ff940579000 	C:\WINDOWS\System32\USER32.dll
0x00007ff93dd50000 - 0x00007ff93dd77000 	C:\WINDOWS\System32\win32u.dll
0x00007ff925fc0000 - 0x00007ff926250000 	C:\WINDOWS\WinSxS\amd64_microsoft.windows.common-controls_6595b64144ccf1df_6.0.26100.3037_none_3e09262ce333c378\COMCTL32.dll
0x00007ff93fdb0000 - 0x00007ff93fdda000 	C:\WINDOWS\System32\GDI32.dll
0x00007ff93e760000 - 0x00007ff93e809000 	C:\WINDOWS\System32\msvcrt.dll
0x00007ff93e0e0000 - 0x00007ff93e20b000 	C:\WINDOWS\System32\gdi32full.dll
0x00007ff93e030000 - 0x00007ff93e0d3000 	C:\WINDOWS\System32\msvcp_win.dll
0x00007ff93fde0000 - 0x00007ff93fe0f000 	C:\WINDOWS\System32\IMM32.DLL
0x00007ff937bd0000 - 0x00007ff937bdc000 	C:\Program Files\Android\Android Studio\jbr\bin\vcruntime140_1.dll
0x00007ff8f7880000 - 0x00007ff8f790d000 	C:\Program Files\Android\Android Studio\jbr\bin\msvcp140.dll
0x00007ff88c370000 - 0x00007ff88cffa000 	C:\Program Files\Android\Android Studio\jbr\bin\server\jvm.dll
0x00007ff93f870000 - 0x00007ff93f924000 	C:\WINDOWS\System32\ADVAPI32.dll
0x00007ff93e600000 - 0x00007ff93e6a6000 	C:\WINDOWS\System32\sechost.dll
0x00007ff93f3b0000 - 0x00007ff93f4c6000 	C:\WINDOWS\System32\RPCRT4.dll
0x00007ff940580000 - 0x00007ff9405f4000 	C:\WINDOWS\System32\WS2_32.dll
0x00007ff93d9c0000 - 0x00007ff93da0e000 	C:\WINDOWS\SYSTEM32\POWRPROF.dll
0x00007ff93a910000 - 0x00007ff93a91b000 	C:\WINDOWS\SYSTEM32\VERSION.dll
0x00007ff93a8d0000 - 0x00007ff93a906000 	C:\WINDOWS\SYSTEM32\WINMM.dll
0x00007ff93d9a0000 - 0x00007ff93d9b4000 	C:\WINDOWS\SYSTEM32\UMPDC.dll
0x00007ff93c970000 - 0x00007ff93c98a000 	C:\WINDOWS\SYSTEM32\kernel.appcore.dll
0x00007ff936d40000 - 0x00007ff936d4a000 	C:\Program Files\Android\Android Studio\jbr\bin\jimage.dll
0x00007ff92edf0000 - 0x00007ff92f031000 	C:\WINDOWS\SYSTEM32\DBGHELP.DLL
0x00007ff93fa20000 - 0x00007ff93fd9e000 	C:\WINDOWS\System32\combase.dll
0x00007ff93ef20000 - 0x00007ff93eff6000 	C:\WINDOWS\System32\OLEAUT32.dll
0x00007ff928780000 - 0x00007ff9287b9000 	C:\WINDOWS\SYSTEM32\dbgcore.DLL
0x00007ff93df90000 - 0x00007ff93e029000 	C:\WINDOWS\System32\bcryptPrimitives.dll
0x00007ff938320000 - 0x00007ff93832e000 	C:\Program Files\Android\Android Studio\jbr\bin\instrument.dll
0x00007ff936d20000 - 0x00007ff936d40000 	C:\Program Files\Android\Android Studio\jbr\bin\java.dll
0x00007ff936d00000 - 0x00007ff936d18000 	C:\Program Files\Android\Android Studio\jbr\bin\zip.dll
0x00007ff93e810000 - 0x00007ff93ef14000 	C:\WINDOWS\System32\SHELL32.dll
0x00007ff93b810000 - 0x00007ff93c047000 	C:\WINDOWS\SYSTEM32\windows.storage.dll
0x00007ff93f5b0000 - 0x00007ff93f699000 	C:\WINDOWS\System32\SHCORE.dll
0x00007ff93e700000 - 0x00007ff93e75d000 	C:\WINDOWS\System32\shlwapi.dll
0x00007ff93da50000 - 0x00007ff93da7e000 	C:\WINDOWS\SYSTEM32\profapi.dll
0x00007ff936cf0000 - 0x00007ff936d00000 	C:\Program Files\Android\Android Studio\jbr\bin\net.dll
0x00007ff933fc0000 - 0x00007ff9340de000 	C:\WINDOWS\SYSTEM32\WINHTTP.dll
0x00007ff93ce80000 - 0x00007ff93ceea000 	C:\WINDOWS\system32\mswsock.dll
0x00007ff936cd0000 - 0x00007ff936ce6000 	C:\Program Files\Android\Android Studio\jbr\bin\nio.dll
0x00007ff91dfd0000 - 0x00007ff91dfe0000 	C:\Program Files\Android\Android Studio\jbr\bin\verify.dll
0x00007ff91e250000 - 0x00007ff91e277000 	C:\Users\herna\.gradle\native\c067742578af261105cb4f569cf0c3c89f3d7b1fecec35dd04571415982c5e48\windows-amd64\native-platform.dll
0x00007ff8ecff0000 - 0x00007ff8ed134000 	C:\Users\herna\.gradle\native\100fb08df4bc3b14c8652ba06237920a3bd2aa13389f12d3474272988ae205f9\windows-amd64\native-platform-file-events.dll
0x00007ff936c50000 - 0x00007ff936c59000 	C:\Program Files\Android\Android Studio\jbr\bin\management.dll
0x00007ff921250000 - 0x00007ff92125b000 	C:\Program Files\Android\Android Studio\jbr\bin\management_ext.dll
0x00007ff940600000 - 0x00007ff940608000 	C:\WINDOWS\System32\PSAPI.DLL
0x00007ff93d120000 - 0x00007ff93d13c000 	C:\WINDOWS\SYSTEM32\CRYPTSP.dll
0x00007ff93c8b0000 - 0x00007ff93c8e8000 	C:\WINDOWS\system32\rsaenh.dll
0x00007ff93cf20000 - 0x00007ff93cf4b000 	C:\WINDOWS\SYSTEM32\USERENV.dll
0x00007ff93d2f0000 - 0x00007ff93d316000 	C:\WINDOWS\SYSTEM32\bcrypt.dll
0x00007ff93d140000 - 0x00007ff93d14c000 	C:\WINDOWS\SYSTEM32\CRYPTBASE.dll
0x00007ff93c350000 - 0x00007ff93c382000 	C:\WINDOWS\SYSTEM32\IPHLPAPI.DLL
0x00007ff93f930000 - 0x00007ff93f93a000 	C:\WINDOWS\System32\NSI.dll
0x00007ff936c60000 - 0x00007ff936c69000 	C:\Program Files\Android\Android Studio\jbr\bin\extnet.dll
0x00007ff936c70000 - 0x00007ff936c78000 	C:\WINDOWS\system32\wshunix.dll

dbghelp: loaded successfully - version: 4.0.5 - missing functions: none
symbol engine: initialized successfully - sym options: 0x614 - pdb path: .;C:\Program Files\Android\Android Studio\jbr\bin;C:\WINDOWS\SYSTEM32;C:\WINDOWS\WinSxS\amd64_microsoft.windows.common-controls_6595b64144ccf1df_6.0.26100.3037_none_3e09262ce333c378;C:\Program Files\Android\Android Studio\jbr\bin\server;C:\Users\herna\.gradle\native\c067742578af261105cb4f569cf0c3c89f3d7b1fecec35dd04571415982c5e48\windows-amd64;C:\Users\herna\.gradle\native\100fb08df4bc3b14c8652ba06237920a3bd2aa13389f12d3474272988ae205f9\windows-amd64

VM Arguments:
jvm_args: --add-opens=java.base/java.util=ALL-UNNAMED --add-opens=java.base/java.lang=ALL-UNNAMED --add-opens=java.base/java.lang.invoke=ALL-UNNAMED --add-opens=java.prefs/java.util.prefs=ALL-UNNAMED --add-exports=jdk.compiler/com.sun.tools.javac.api=ALL-UNNAMED --add-exports=jdk.compiler/com.sun.tools.javac.util=ALL-UNNAMED --add-opens=java.base/java.nio.charset=ALL-UNNAMED --add-opens=java.base/java.net=ALL-UNNAMED --add-opens=java.base/java.util.concurrent.atomic=ALL-UNNAMED -Xmx2048m -Dfile.encoding=UTF-8 -Duser.country=MX -Duser.language=es -Duser.variant -javaagent:C:\Users\herna\.gradle\wrapper\dists\gradle-8.9-bin\90cnw93cvbtalezasaz0blq0a\gradle-8.9\lib\agents\gradle-instrumentation-agent-8.9.jar 
java_command: org.gradle.launcher.daemon.bootstrap.GradleDaemon 8.9
java_class_path (initial): C:\Users\herna\.gradle\wrapper\dists\gradle-8.9-bin\90cnw93cvbtalezasaz0blq0a\gradle-8.9\lib\gradle-daemon-main-8.9.jar
Launcher Type: SUN_STANDARD

[Global flags]
     intx CICompilerCount                          = 12                                        {product} {ergonomic}
     uint ConcGCThreads                            = 3                                         {product} {ergonomic}
     uint G1ConcRefinementThreads                  = 13                                        {product} {ergonomic}
   size_t G1HeapRegionSize                         = 1048576                                   {product} {ergonomic}
    uintx GCDrainStackTargetSize                   = 64                                        {product} {ergonomic}
   size_t InitialHeapSize                          = 257949696                                 {product} {ergonomic}
   size_t MarkStackSize                            = 4194304                                   {product} {ergonomic}
   size_t MaxHeapSize                              = 2147483648                                {product} {command line}
   size_t MaxNewSize                               = 1287651328                                {product} {ergonomic}
   size_t MinHeapDeltaBytes                        = 1048576                                   {product} {ergonomic}
   size_t MinHeapSize                              = 8388608                                   {product} {ergonomic}
    uintx NonNMethodCodeHeapSize                   = 7602480                                {pd product} {ergonomic}
    uintx NonProfiledCodeHeapSize                  = 122027880                              {pd product} {ergonomic}
    uintx ProfiledCodeHeapSize                     = 122027880                              {pd product} {ergonomic}
    uintx ReservedCodeCacheSize                    = 251658240                              {pd product} {ergonomic}
     bool SegmentedCodeCache                       = true                                      {product} {ergonomic}
   size_t SoftMaxHeapSize                          = 2147483648                             {manageable} {ergonomic}
     bool UseCompressedOops                        = true                           {product lp64_product} {ergonomic}
     bool UseG1GC                                  = true                                      {product} {ergonomic}
     bool UseLargePagesIndividualAllocation        = false                                  {pd product} {ergonomic}

Logging:
Log output configuration:
 #0: stdout all=warning uptime,level,tags foldmultilines=false
 #1: stderr all=off uptime,level,tags foldmultilines=false

Environment Variables:
JAVA_HOME=C:\Program Files\Amazon Corretto\jdk21.0.6_7
PATH=C:\Program Files\Amazon Corretto\jdk21.0.6_7\bin;C:\windows\system32;C:\windows;C:\windows\System32\Wbem;C:\windows\System32\WindowsPowerShell\v1.0\;C:\windows\System32\OpenSSH\;C:\Program Files\HP\HP One Agent;C:\WINDOWS\system32;C:\WINDOWS;C:\WINDOWS\System32\Wbem;C:\WINDOWS\System32\WindowsPowerShell\v1.0\;C:\WINDOWS\System32\OpenSSH\;C:\Program Files\Git\cmd;C:\maven\bin;C:\Program Files\nodejs\;C:\ProgramData\chocolatey\bin;C:\Users\herna\AppData\Local\Programs\Python\Python313\Scripts\;C:\Users\herna\AppData\Local\Programs\Python\Python313\;C:\Users\herna\AppData\Local\Microsoft\WindowsApps;C:\Users\herna\AppData\Local\Programs\Microsoft VS Code\bin;C:\Users\herna\AppData\Local\GitHubDesktop\bin;C:\Users\herna\AppData\Roaming\npm
USERNAME=herna
OS=Windows_NT
PROCESSOR_IDENTIFIER=AMD64 Family 25 Model 80 Stepping 0, AuthenticAMD
TMP=C:\Users\herna\AppData\Local\Temp
TEMP=C:\Users\herna\AppData\Local\Temp




Periodic native trim disabled

JNI global refs:
JNI global refs: 44, weak refs: 0

JNI global refs memory usage: 835, weak refs: 833

Process memory usage:
Resident Set Size: 292196K (1% of 16088428K total physical memory with 6094628K free physical memory)

OOME stack traces (most recent first):
Classloader memory used:
Loader org.gradle.internal.classloader.VisitableURLClassLoader                         : 22742K
Loader bootstrap                                                                       : 21373K
Loader org.gradle.initialization.MixInLegacyTypesClassLoader                           : 4407K
Loader org.gradle.internal.classloader.VisitableURLClassLoader                         : 697K
Loader jdk.internal.loader.ClassLoaders$PlatformClassLoader                            : 567K
Loader jdk.internal.loader.ClassLoaders$AppClassLoader                                 : 230K
Loader jdk.internal.reflect.DelegatingClassLoader                                      : 144K
Loader org.gradle.groovy.scripts.internal.DefaultScriptCompilationHandler$ScriptClassLoader: 6632B

Classes loaded by more than one classloader:
Class org.gradle.api.GradleException                                                  : loaded 3 times (x 78B)
Class org.gradle.internal.classloader.ClassLoaderHierarchy                            : loaded 2 times (x 66B)
Class org.gradle.api.internal.classpath.ManifestUtil                                  : loaded 2 times (x 67B)
Class org.gradle.internal.operations.MultipleBuildOperationFailures                   : loaded 2 times (x 91B)
Class org.gradle.internal.classloader.DefaultClassLoaderFactory                       : loaded 2 times (x 78B)
Class org.gradle.internal.classloader.ClassLoaderVisitor                              : loaded 2 times (x 72B)
Class org.gradle.api.internal.classpath.EffectiveClassPath                            : loaded 2 times (x 86B)
Class org.gradle.api.internal.DefaultClassPathProvider                                : loaded 2 times (x 72B)
Class [Lorg.gradle.api.internal.ClassPathProvider;                                    : loaded 2 times (x 65B)
Class org.gradle.api.internal.ClassPathProvider                                       : loaded 2 times (x 66B)
Class org.gradle.internal.service.UnknownServiceException                             : loaded 2 times (x 79B)
Class org.gradle.internal.classpath.TransformedClassPath                              : loaded 2 times (x 92B)
Class org.gradle.internal.service.ServiceLocator                                      : loaded 2 times (x 66B)
Class org.gradle.internal.InternalTransformer                                         : loaded 2 times (x 66B)
Class org.gradle.internal.time.DefaultTimer                                           : loaded 2 times (x 76B)
Class org.gradle.internal.classloader.ClasspathUtil$1                                 : loaded 2 times (x 72B)
Class org.gradle.api.internal.classpath.DefaultModuleRegistry$DefaultModule           : loaded 2 times (x 82B)
Class org.gradle.internal.time.DefaultCountdownTimer                                  : loaded 2 times (x 84B)
Class kotlin.Function                                                                 : loaded 2 times (x 66B)
Class org.gradle.api.internal.classpath.Module                                        : loaded 2 times (x 66B)
Class org.gradle.api.internal.classpath.UnknownModuleException                        : loaded 2 times (x 78B)
Class org.gradle.api.internal.DefaultClassPathRegistry                                : loaded 2 times (x 72B)
Class org.gradle.api.internal.ClassPathRegistry                                       : loaded 2 times (x 66B)
Class org.gradle.internal.classpath.DefaultClassPath$ImmutableUniqueList              : loaded 2 times (x 195B)
Class org.gradle.internal.classpath.ClassPath                                         : loaded 2 times (x 66B)
Class org.gradle.api.UncheckedIOException                                             : loaded 2 times (x 78B)
Class kotlin.UninitializedPropertyAccessException                                     : loaded 2 times (x 78B)
Class org.gradle.internal.installation.GradleInstallation$1                           : loaded 2 times (x 71B)
Class org.gradle.api.internal.classpath.ModuleRegistry                                : loaded 2 times (x 66B)
Class org.gradle.api.internal.classpath.DefaultModuleRegistry                         : loaded 2 times (x 79B)
Class org.gradle.internal.time.MonotonicClock                                         : loaded 2 times (x 73B)
Class org.gradle.internal.service.ServiceLookupException                              : loaded 2 times (x 78B)
Class org.gradle.internal.classloader.ClassLoaderFactory                              : loaded 2 times (x 66B)
Class org.gradle.internal.service.CachingServiceLocator                               : loaded 2 times (x 78B)
Class org.gradle.internal.time.TimeSource                                             : loaded 2 times (x 66B)
Class org.gradle.internal.exceptions.ResolutionProvider                               : loaded 2 times (x 66B)
Class org.gradle.internal.classloader.ClasspathUtil                                   : loaded 2 times (x 67B)
Class org.gradle.internal.time.TimeSource$1                                           : loaded 2 times (x 73B)
Class org.gradle.api.specs.Spec                                                       : loaded 2 times (x 66B)
Class org.gradle.internal.time.Clock                                                  : loaded 2 times (x 66B)
Class org.gradle.internal.classloader.VisitableURLClassLoader$InstrumentingVisitableURLClassLoader: loaded 2 times (x 119B)
Class org.gradle.internal.classloader.VisitableURLClassLoader$Spec                    : loaded 2 times (x 70B)
Class org.gradle.internal.classpath.DefaultClassPath                                  : loaded 2 times (x 86B)
Class org.gradle.internal.classloader.ClassLoaderSpec                                 : loaded 2 times (x 67B)
Class org.gradle.internal.classloader.VisitableURLClassLoader                         : loaded 2 times (x 113B)
Class org.gradle.internal.Cast                                                        : loaded 2 times (x 67B)
Class org.gradle.api.Action                                                           : loaded 2 times (x 66B)
Class org.gradle.internal.agents.InstrumentingClassLoader                             : loaded 2 times (x 66B)
Class org.gradle.internal.classpath.DefaultClassPath$ImmutableUniqueList$Builder      : loaded 2 times (x 71B)
Class org.gradle.internal.classloader.FilteringClassLoader                            : loaded 2 times (x 101B)
Class org.gradle.internal.exceptions.NonGradleCauseExceptionsHolder                   : loaded 2 times (x 66B)
Class org.gradle.internal.IoActions                                                   : loaded 2 times (x 67B)
Class org.gradle.internal.classloader.SystemClassLoaderSpec                           : loaded 2 times (x 67B)
Class org.gradle.internal.exceptions.MultiCauseException                              : loaded 2 times (x 66B)
Class org.gradle.internal.time.CountdownTimer                                         : loaded 2 times (x 66B)
Class kotlin.jvm.internal.Intrinsics                                                  : loaded 2 times (x 67B)
Class org.gradle.tooling.model.ProjectModel                                           : loaded 2 times (x 66B)
Class kotlin.KotlinNullPointerException                                               : loaded 2 times (x 79B)
Class org.gradle.internal.exceptions.DefaultMultiCauseException                       : loaded 2 times (x 91B)
Class org.gradle.internal.time.Time                                                   : loaded 2 times (x 67B)
Class org.gradle.internal.time.Timer                                                  : loaded 2 times (x 66B)
Class org.gradle.internal.installation.CurrentGradleInstallationLocator               : loaded 2 times (x 67B)
Class org.gradle.internal.service.DefaultServiceLocator                               : loaded 2 times (x 79B)
Class org.gradle.util.GradleVersion                                                   : loaded 2 times (x 79B)
Class org.gradle.internal.installation.CurrentGradleInstallation                      : loaded 2 times (x 69B)
Class org.gradle.util.internal.GUtil                                                  : loaded 2 times (x 67B)
Class org.gradle.internal.installation.GradleInstallation                             : loaded 2 times (x 71B)

---------------  S Y S T E M  ---------------

OS:
 Windows 11 , 64 bit Build 26100 (10.0.26100.3037)
OS uptime: 1 days 3:36 hours
Hyper-V role detected

CPU: total 16 (initial active 16) (16 cores per cpu, 2 threads per core) family 25 model 80 stepping 0 microcode 0xa50000f, cx8, cmov, fxsr, ht, mmx, 3dnowpref, sse, sse2, sse3, ssse3, sse4a, sse4.1, sse4.2, popcnt, lzcnt, tsc, tscinvbit, avx, avx2, aes, erms, clmul, bmi1, bmi2, adx, sha, fma, vzeroupper, clflush, clflushopt, hv, rdtscp, rdpid, fsrm, f16c, cet_ss
Processor Information for processor 0
  Max Mhz: 2000, Current Mhz: 1808, Mhz Limit: 2000
Processor Information for processor 1
  Max Mhz: 2000, Current Mhz: 1808, Mhz Limit: 2000
Processor Information for processor 2
  Max Mhz: 2000, Current Mhz: 1808, Mhz Limit: 2000
Processor Information for processor 3
  Max Mhz: 2000, Current Mhz: 1808, Mhz Limit: 2000
Processor Information for processor 4
  Max Mhz: 2000, Current Mhz: 1808, Mhz Limit: 2000
Processor Information for processor 5
  Max Mhz: 2000, Current Mhz: 1808, Mhz Limit: 2000
Processor Information for processor 6
  Max Mhz: 2000, Current Mhz: 2000, Mhz Limit: 2000
Processor Information for processor 7
  Max Mhz: 2000, Current Mhz: 2000, Mhz Limit: 2000
Processor Information for processor 8
  Max Mhz: 2000, Current Mhz: 1808, Mhz Limit: 2000
Processor Information for processor 9
  Max Mhz: 2000, Current Mhz: 2000, Mhz Limit: 2000
Processor Information for processor 10
  Max Mhz: 2000, Current Mhz: 1808, Mhz Limit: 2000
Processor Information for processor 11
  Max Mhz: 2000, Current Mhz: 1808, Mhz Limit: 2000
Processor Information for processor 12
  Max Mhz: 2000, Current Mhz: 1808, Mhz Limit: 2000
Processor Information for processor 13
  Max Mhz: 2000, Current Mhz: 2000, Mhz Limit: 2000
Processor Information for processor 14
  Max Mhz: 2000, Current Mhz: 1808, Mhz Limit: 2000
Processor Information for processor 15
  Max Mhz: 2000, Current Mhz: 2000, Mhz Limit: 2000

Memory: 4k page, system-wide physical 15711M (5950M free)
TotalPageFile size 18143M (AvailPageFile size 5506M)
current process WorkingSet (physical memory assigned to process): 286M, peak: 289M
current process commit charge ("private bytes"): 333M, peak: 389M

vm_info: OpenJDK 64-Bit Server VM (21.0.5+-13047016-b750.29) for windows-amd64 JRE (21.0.5+-13047016-b750.29), built on 2025-02-11T21:12:39Z by "builder" with MS VC++ 16.10 / 16.11 (VS2019)

END.
